Jan 16 15:16:09 edavis-VirtualBox rsyslogd: [origin software="rsyslogd" swVersion="7.4.4" x-pid="442" x-info="http://www.rsyslog.com"] start
Jan 16 15:16:09 edavis-VirtualBox rsyslogd: rsyslogd's groupid changed to 104
Jan 16 15:16:09 edavis-VirtualBox rsyslogd: rsyslogd's userid changed to 101
Jan 16 15:16:09 edavis-VirtualBox kernel: [    0.000000] Initializing cgroup subsys cpuset
Jan 16 15:16:09 edavis-VirtualBox kernel: [    0.000000] Initializing cgroup subsys cpu
Jan 16 15:16:09 edavis-VirtualBox kernel: [    0.000000] Initializing cgroup subsys cpuacct
Jan 16 15:16:09 edavis-VirtualBox kernel: [    0.000000] Linux version 3.13.0-32-generic (buildd@roseapple) (gcc version 4.8.2 (Ubuntu 4.8.2-19ubuntu1) ) #57-Ubuntu SMP Tue Jul 15 03:51:12 UTC 2014 (Ubuntu 3.13.0-32.57-generic 3.13.11.4)
Jan 16 15:16:09 edavis-VirtualBox kernel: [    0.000000] KERNEL supported cpus:
Jan 16 15:16:09 edavis-VirtualBox kernel: [    0.000000]   Intel GenuineIntel
Jan 16 15:16:09 edavis-VirtualBox kernel: [    0.000000]   AMD AuthenticAMD
Jan 16 15:16:09 edavis-VirtualBox kernel: [    0.000000]   NSC Geode by NSC
Jan 16 15:16:09 edavis-VirtualBox kernel: [    0.000000]   Cyrix CyrixInstead
Jan 16 15:16:09 edavis-VirtualBox kernel: [    0.000000]   Centaur CentaurHauls
Jan 16 15:16:09 edavis-VirtualBox kernel: [    0.000000]   Transmeta GenuineTMx86
Jan 16 15:16:09 edavis-VirtualBox kernel: [    0.000000]   Transmeta TransmetaCPU
Jan 16 15:16:09 edavis-VirtualBox kernel: [    0.000000]   UMC UMC UMC UMC
Jan 16 15:16:09 edavis-VirtualBox kernel: [    0.000000] e820: BIOS-provided physical RAM map:
Jan 16 15:16:09 edavis-VirtualBox kernel: [    0.000000] BIOS-e820: [mem 0x0000000000000000-0x000000000009fbff] usable
Jan 16 15:16:09 edavis-VirtualBox kernel: [    0.000000] BIOS-e820: [mem 0x000000000009fc00-0x000000000009ffff] reserved
Jan 16 15:16:09 edavis-VirtualBox kernel: [    0.000000] BIOS-e820: [mem 0x00000000000f0000-0x00000000000fffff] reserved
Jan 16 15:16:09 edavis-VirtualBox kernel: [    0.000000] BIOS-e820: [mem 0x0000000000100000-0x000000007ffeffff] usable
Jan 16 15:16:09 edavis-VirtualBox kernel: [    0.000000] BIOS-e820: [mem 0x000000007fff0000-0x000000007fffffff] ACPI data
Jan 16 15:16:09 edavis-VirtualBox kernel: [    0.000000] BIOS-e820: [mem 0x00000000fffc0000-0x00000000ffffffff] reserved
Jan 16 15:16:09 edavis-VirtualBox kernel: [    0.000000] NX (Execute Disable) protection: active
Jan 16 15:16:09 edavis-VirtualBox kernel: [    0.000000] SMBIOS 2.5 present.
Jan 16 15:16:09 edavis-VirtualBox kernel: [    0.000000] DMI: innotek GmbH VirtualBox/VirtualBox, BIOS VirtualBox 12/01/2006
Jan 16 15:16:09 edavis-VirtualBox kernel: [    0.000000] e820: update [mem 0x00000000-0x00000fff] usable ==> reserved
Jan 16 15:16:09 edavis-VirtualBox kernel: [    0.000000] e820: remove [mem 0x000a0000-0x000fffff] usable
Jan 16 15:16:09 edavis-VirtualBox kernel: [    0.000000] e820: last_pfn = 0x7fff0 max_arch_pfn = 0x1000000
Jan 16 15:16:09 edavis-VirtualBox kernel: [    0.000000] MTRR default type: uncachable
Jan 16 15:16:09 edavis-VirtualBox kernel: [    0.000000] MTRR variable ranges disabled:
Jan 16 15:16:09 edavis-VirtualBox kernel: [    0.000000] x86 PAT enabled: cpu 0, old 0x7040600070406, new 0x7010600070106
Jan 16 15:16:09 edavis-VirtualBox kernel: [    0.000000] CPU MTRRs all blank - virtualized system.
Jan 16 15:16:09 edavis-VirtualBox kernel: [    0.000000] Scanning 1 areas for low memory corruption
Jan 16 15:16:09 edavis-VirtualBox kernel: [    0.000000] initial memory mapped: [mem 0x00000000-0x01ffffff]
Jan 16 15:16:09 edavis-VirtualBox kernel: [    0.000000] Base memory trampoline at [c009b000] 9b000 size 16384
Jan 16 15:16:09 edavis-VirtualBox kernel: [    0.000000] init_memory_mapping: [mem 0x00000000-0x000fffff]
Jan 16 15:16:09 edavis-VirtualBox kernel: [    0.000000]  [mem 0x00000000-0x000fffff] page 4k
Jan 16 15:16:09 edavis-VirtualBox kernel: [    0.000000] init_memory_mapping: [mem 0x37800000-0x379fffff]
Jan 16 15:16:09 edavis-VirtualBox kernel: [    0.000000]  [mem 0x37800000-0x379fffff] page 2M
Jan 16 15:16:09 edavis-VirtualBox kernel: [    0.000000] init_memory_mapping: [mem 0x34000000-0x377fffff]
Jan 16 15:16:09 edavis-VirtualBox kernel: [    0.000000]  [mem 0x34000000-0x377fffff] page 2M
Jan 16 15:16:09 edavis-VirtualBox kernel: [    0.000000] init_memory_mapping: [mem 0x00100000-0x33ffffff]
Jan 16 15:16:09 edavis-VirtualBox kernel: [    0.000000]  [mem 0x00100000-0x001fffff] page 4k
Jan 16 15:16:09 edavis-VirtualBox kernel: [    0.000000]  [mem 0x00200000-0x33ffffff] page 2M
Jan 16 15:16:09 edavis-VirtualBox kernel: [    0.000000] init_memory_mapping: [mem 0x37a00000-0x37bfdfff]
Jan 16 15:16:09 edavis-VirtualBox kernel: [    0.000000]  [mem 0x37a00000-0x37bfdfff] page 4k
Jan 16 15:16:09 edavis-VirtualBox kernel: [    0.000000] BRK [0x01b8e000, 0x01b8efff] PGTABLE
Jan 16 15:16:09 edavis-VirtualBox kernel: [    0.000000] RAMDISK: [mem 0x35c3e000-0x36e16fff]
Jan 16 15:16:09 edavis-VirtualBox kernel: [    0.000000] ACPI: RSDP 000e0000 000024 (v02 VBOX  )
Jan 16 15:16:09 edavis-VirtualBox kernel: [    0.000000] ACPI: XSDT 7fff0030 000034 (v01 VBOX   VBOXXSDT 00000001 ASL  00000061)
Jan 16 15:16:09 edavis-VirtualBox kernel: [    0.000000] ACPI: FACP 7fff00f0 0000F4 (v04 VBOX   VBOXFACP 00000001 ASL  00000061)
Jan 16 15:16:09 edavis-VirtualBox kernel: [    0.000000] ACPI: DSDT 7fff0410 001B96 (v01 VBOX   VBOXBIOS 00000002 INTL 20100528)
Jan 16 15:16:09 edavis-VirtualBox kernel: [    0.000000] ACPI: FACS 7fff0200 000040
Jan 16 15:16:09 edavis-VirtualBox kernel: [    0.000000] ACPI: SSDT 7fff0240 0001CC (v01 VBOX   VBOXCPUT 00000002 INTL 20100528)
Jan 16 15:16:09 edavis-VirtualBox kernel: [    0.000000] 1155MB HIGHMEM available.
Jan 16 15:16:09 edavis-VirtualBox kernel: [    0.000000] 891MB LOWMEM available.
Jan 16 15:16:09 edavis-VirtualBox kernel: [    0.000000]   mapped low ram: 0 - 37bfe000
Jan 16 15:16:09 edavis-VirtualBox kernel: [    0.000000]   low ram: 0 - 37bfe000
Jan 16 15:16:09 edavis-VirtualBox kernel: [    0.000000] BRK [0x01b8f000, 0x01b8ffff] PGTABLE
Jan 16 15:16:09 edavis-VirtualBox kernel: [    0.000000] Zone ranges:
Jan 16 15:16:09 edavis-VirtualBox kernel: [    0.000000]   DMA      [mem 0x00001000-0x00ffffff]
Jan 16 15:16:09 edavis-VirtualBox kernel: [    0.000000]   Normal   [mem 0x01000000-0x37bfdfff]
Jan 16 15:16:09 edavis-VirtualBox kernel: [    0.000000]   HighMem  [mem 0x37bfe000-0x7ffeffff]
Jan 16 15:16:09 edavis-VirtualBox kernel: [    0.000000] Movable zone start for each node
Jan 16 15:16:09 edavis-VirtualBox kernel: [    0.000000] Early memory node ranges
Jan 16 15:16:09 edavis-VirtualBox kernel: [    0.000000]   node   0: [mem 0x00001000-0x0009efff]
Jan 16 15:16:09 edavis-VirtualBox kernel: [    0.000000]   node   0: [mem 0x00100000-0x7ffeffff]
Jan 16 15:16:09 edavis-VirtualBox kernel: [    0.000000] On node 0 totalpages: 524174
Jan 16 15:16:09 edavis-VirtualBox kernel: [    0.000000] free_area_init_node: node 0, pgdat c1997200, node_mem_map f4c3e020
Jan 16 15:16:09 edavis-VirtualBox kernel: [    0.000000]   DMA zone: 32 pages used for memmap
Jan 16 15:16:09 edavis-VirtualBox kernel: [    0.000000]   DMA zone: 0 pages reserved
Jan 16 15:16:09 edavis-VirtualBox kernel: [    0.000000]   DMA zone: 3998 pages, LIFO batch:0
Jan 16 15:16:09 edavis-VirtualBox kernel: [    0.000000]   Normal zone: 1752 pages used for memmap
Jan 16 15:16:09 edavis-VirtualBox kernel: [    0.000000]   Normal zone: 224254 pages, LIFO batch:31
Jan 16 15:16:09 edavis-VirtualBox kernel: [    0.000000]   HighMem zone: 2312 pages used for memmap
Jan 16 15:16:09 edavis-VirtualBox kernel: [    0.000000]   HighMem zone: 295922 pages, LIFO batch:31
Jan 16 15:16:09 edavis-VirtualBox kernel: [    0.000000] Using APIC driver default
Jan 16 15:16:09 edavis-VirtualBox kernel: [    0.000000] ACPI: PM-Timer IO Port: 0x4008
Jan 16 15:16:09 edavis-VirtualBox kernel: [    0.000000] smpboot: Allowing 1 CPUs, 0 hotplug CPUs
Jan 16 15:16:09 edavis-VirtualBox kernel: [    0.000000] Found and enabled local APIC!
Jan 16 15:16:09 edavis-VirtualBox kernel: [    0.000000] nr_irqs_gsi: 16
Jan 16 15:16:09 edavis-VirtualBox kernel: [    0.000000] PM: Registered nosave memory: [mem 0x0009f000-0x0009ffff]
Jan 16 15:16:09 edavis-VirtualBox kernel: [    0.000000] PM: Registered nosave memory: [mem 0x000a0000-0x000effff]
Jan 16 15:16:09 edavis-VirtualBox kernel: [    0.000000] PM: Registered nosave memory: [mem 0x000f0000-0x000fffff]
Jan 16 15:16:09 edavis-VirtualBox kernel: [    0.000000] e820: [mem 0x80000000-0xfffbffff] available for PCI devices
Jan 16 15:16:09 edavis-VirtualBox kernel: [    0.000000] Booting paravirtualized kernel on bare hardware
Jan 16 15:16:09 edavis-VirtualBox kernel: [    0.000000] setup_percpu: NR_CPUS:8 nr_cpumask_bits:8 nr_cpu_ids:1 nr_node_ids:1
Jan 16 15:16:09 edavis-VirtualBox kernel: [    0.000000] PERCPU: Embedded 14 pages/cpu @f7be4000 s36096 r0 d21248 u57344
Jan 16 15:16:09 edavis-VirtualBox kernel: [    0.000000] pcpu-alloc: s36096 r0 d21248 u57344 alloc=14*4096
Jan 16 15:16:09 edavis-VirtualBox kernel: [    0.000000] pcpu-alloc: [0] 0 
Jan 16 15:16:09 edavis-VirtualBox kernel: [    0.000000] Built 1 zonelists in Zone order, mobility grouping on.  Total pages: 522390
Jan 16 15:16:09 edavis-VirtualBox kernel: [    0.000000] Kernel command line: BOOT_IMAGE=/boot/vmlinuz-3.13.0-32-generic root=UUID=0a7e0ddc-e3f5-4984-8a33-899919f37e84 ro quiet splash vt.handoff=7
Jan 16 15:16:09 edavis-VirtualBox kernel: [    0.000000] PID hash table entries: 4096 (order: 2, 16384 bytes)
Jan 16 15:16:09 edavis-VirtualBox kernel: [    0.000000] Dentry cache hash table entries: 131072 (order: 7, 524288 bytes)
Jan 16 15:16:09 edavis-VirtualBox kernel: [    0.000000] Inode-cache hash table entries: 65536 (order: 6, 262144 bytes)
Jan 16 15:16:09 edavis-VirtualBox kernel: [    0.000000] Initializing CPU#0
Jan 16 15:16:09 edavis-VirtualBox kernel: [    0.000000] allocated 4194168 bytes of page_cgroup
Jan 16 15:16:09 edavis-VirtualBox kernel: [    0.000000] please try 'cgroup_disable=memory' option if you don't want memory cgroups
Jan 16 15:16:09 edavis-VirtualBox kernel: [    0.000000] Initializing HighMem for node 0 (00037bfe:0007fff0)
Jan 16 15:16:09 edavis-VirtualBox kernel: [    0.000000] Memory: 2045124K/2096696K available (6528K kernel code, 639K rwdata, 2760K rodata, 872K init, 924K bss, 51572K reserved, 1183688K highmem)
Jan 16 15:16:09 edavis-VirtualBox kernel: [    0.000000] virtual kernel memory layout:
Jan 16 15:16:09 edavis-VirtualBox kernel: [    0.000000]     fixmap  : 0xfff14000 - 0xfffff000   ( 940 kB)
Jan 16 15:16:09 edavis-VirtualBox kernel: [    0.000000]     pkmap   : 0xffc00000 - 0xffe00000   (2048 kB)
Jan 16 15:16:09 edavis-VirtualBox kernel: [    0.000000]     vmalloc : 0xf83fe000 - 0xffbfe000   ( 120 MB)
Jan 16 15:16:09 edavis-VirtualBox kernel: [    0.000000]     lowmem  : 0xc0000000 - 0xf7bfe000   ( 891 MB)
Jan 16 15:16:09 edavis-VirtualBox kernel: [    0.000000]       .init : 0xc19b4000 - 0xc1a8e000   ( 872 kB)
Jan 16 15:16:09 edavis-VirtualBox kernel: [    0.000000]       .data : 0xc1660532 - 0xc19b3e80   (3406 kB)
Jan 16 15:16:09 edavis-VirtualBox kernel: [    0.000000]       .text : 0xc1000000 - 0xc1660532   (6529 kB)
Jan 16 15:16:09 edavis-VirtualBox kernel: [    0.000000] Checking if this processor honours the WP bit even in supervisor mode...Ok.
Jan 16 15:16:09 edavis-VirtualBox kernel: [    0.000000] SLUB: HWalign=64, Order=0-3, MinObjects=0, CPUs=1, Nodes=1
Jan 16 15:16:09 edavis-VirtualBox kernel: [    0.000000] Hierarchical RCU implementation.
Jan 16 15:16:09 edavis-VirtualBox kernel: [    0.000000] 	RCU dyntick-idle grace-period acceleration is enabled.
Jan 16 15:16:09 edavis-VirtualBox kernel: [    0.000000] 	RCU restricting CPUs from NR_CPUS=8 to nr_cpu_ids=1.
Jan 16 15:16:09 edavis-VirtualBox kernel: [    0.000000] NR_IRQS:2304 nr_irqs:256 16
Jan 16 15:16:09 edavis-VirtualBox kernel: [    0.000000] CPU 0 irqstacks, hard=f7008000 soft=f700a000
Jan 16 15:16:09 edavis-VirtualBox kernel: [    0.000000] Console: colour dummy device 80x25
Jan 16 15:16:09 edavis-VirtualBox kernel: [    0.000000] console [tty0] enabled
Jan 16 15:16:09 edavis-VirtualBox kernel: [    0.000000] tsc: Fast TSC calibration failed
Jan 16 15:16:09 edavis-VirtualBox kernel: [    0.000000] tsc: Unable to calibrate against PIT
Jan 16 15:16:09 edavis-VirtualBox kernel: [    0.000000] tsc: using PMTIMER reference calibration
Jan 16 15:16:09 edavis-VirtualBox kernel: [    0.000000] tsc: Detected 2700.114 MHz processor
Jan 16 15:16:09 edavis-VirtualBox kernel: [    0.016001] Calibrating delay loop (skipped), value calculated using timer frequency.. 5400.22 BogoMIPS (lpj=10800456)
Jan 16 15:16:09 edavis-VirtualBox kernel: [    0.016003] pid_max: default: 32768 minimum: 301
Jan 16 15:16:09 edavis-VirtualBox kernel: [    0.016022] Security Framework initialized
Jan 16 15:16:09 edavis-VirtualBox kernel: [    0.016032] AppArmor: AppArmor initialized
Jan 16 15:16:09 edavis-VirtualBox kernel: [    0.016033] Yama: becoming mindful.
Jan 16 15:16:09 edavis-VirtualBox kernel: [    0.016061] Mount-cache hash table entries: 2048 (order: 1, 8192 bytes)
Jan 16 15:16:09 edavis-VirtualBox kernel: [    0.016062] Mountpoint-cache hash table entries: 2048 (order: 1, 8192 bytes)
Jan 16 15:16:09 edavis-VirtualBox kernel: [    0.016172] Initializing cgroup subsys memory
Jan 16 15:16:09 edavis-VirtualBox kernel: [    0.016176] Initializing cgroup subsys devices
Jan 16 15:16:09 edavis-VirtualBox kernel: [    0.016177] Initializing cgroup subsys freezer
Jan 16 15:16:09 edavis-VirtualBox kernel: [    0.016178] Initializing cgroup subsys blkio
Jan 16 15:16:09 edavis-VirtualBox kernel: [    0.016180] Initializing cgroup subsys perf_event
Jan 16 15:16:09 edavis-VirtualBox kernel: [    0.016181] Initializing cgroup subsys hugetlb
Jan 16 15:16:09 edavis-VirtualBox kernel: [    0.016244] mce: CPU supports 0 MCE banks
Jan 16 15:16:09 edavis-VirtualBox kernel: [    0.016263] Last level iTLB entries: 4KB 512, 2MB 0, 4MB 0
Jan 16 15:16:09 edavis-VirtualBox kernel: [    0.016263] Last level dTLB entries: 4KB 512, 2MB 32, 4MB 32
Jan 16 15:16:09 edavis-VirtualBox kernel: [    0.016263] tlb_flushall_shift: 2
Jan 16 15:16:09 edavis-VirtualBox kernel: [    0.038457] Freeing SMP alternatives memory: 32K (c1a8e000 - c1a96000)
Jan 16 15:16:09 edavis-VirtualBox kernel: [    0.041234] ACPI: Core revision 20131115
Jan 16 15:16:09 edavis-VirtualBox kernel: [    0.041724] ACPI: All ACPI Tables successfully acquired
Jan 16 15:16:09 edavis-VirtualBox kernel: [    0.041775] ACPI: setting ELCR to 0200 (from 0e00)
Jan 16 15:16:09 edavis-VirtualBox kernel: [    0.041928] ftrace: allocating 27783 entries in 55 pages
Jan 16 15:16:09 edavis-VirtualBox kernel: [    0.048790] smpboot: weird, boot CPU (#0) not listed by the BIOS
Jan 16 15:16:09 edavis-VirtualBox kernel: [    0.048811] smpboot: SMP motherboard not detected
Jan 16 15:16:09 edavis-VirtualBox kernel: [    0.048826] Enabling APIC mode:  Flat.  Using 0 I/O APICs
Jan 16 15:16:09 edavis-VirtualBox kernel: [    0.056000] smpboot: SMP disabled
Jan 16 15:16:09 edavis-VirtualBox kernel: [    0.056000] Performance Events: unsupported p6 CPU model 58 no PMU driver, software events only.
Jan 16 15:16:09 edavis-VirtualBox kernel: [    0.056000] x86: Booted up 1 node, 1 CPUs
Jan 16 15:16:09 edavis-VirtualBox kernel: [    0.056000] smpboot: Total of 1 processors activated (5400.22 BogoMIPS)
Jan 16 15:16:09 edavis-VirtualBox kernel: [    0.056000] devtmpfs: initialized
Jan 16 15:16:09 edavis-VirtualBox kernel: [    0.056000] EVM: security.selinux
Jan 16 15:16:09 edavis-VirtualBox kernel: [    0.056000] EVM: security.SMACK64
Jan 16 15:16:09 edavis-VirtualBox kernel: [    0.056000] EVM: security.ima
Jan 16 15:16:09 edavis-VirtualBox kernel: [    0.056000] EVM: security.capability
Jan 16 15:16:09 edavis-VirtualBox kernel: [    0.056000] NMI watchdog: disabled (cpu0): hardware events not enabled
Jan 16 15:16:09 edavis-VirtualBox kernel: [    0.056000] pinctrl core: initialized pinctrl subsystem
Jan 16 15:16:09 edavis-VirtualBox kernel: [    0.056000] regulator-dummy: no parameters
Jan 16 15:16:09 edavis-VirtualBox kernel: [    0.056000] RTC time: 20:16:07, date: 01/16/15
Jan 16 15:16:09 edavis-VirtualBox kernel: [    0.056000] NET: Registered protocol family 16
Jan 16 15:16:09 edavis-VirtualBox kernel: [    0.056000] EISA bus registered
Jan 16 15:16:09 edavis-VirtualBox kernel: [    0.056000] cpuidle: using governor ladder
Jan 16 15:16:09 edavis-VirtualBox kernel: [    0.056000] cpuidle: using governor menu
Jan 16 15:16:09 edavis-VirtualBox kernel: [    0.056000] ACPI: bus type PCI registered
Jan 16 15:16:09 edavis-VirtualBox kernel: [    0.056000] acpiphp: ACPI Hot Plug PCI Controller Driver version: 0.5
Jan 16 15:16:09 edavis-VirtualBox kernel: [    0.056000] PCI : PCI BIOS area is rw and x. Use pci=nobios if you want it NX.
Jan 16 15:16:09 edavis-VirtualBox kernel: [    0.056000] PCI: PCI BIOS revision 2.10 entry at 0xfda26, last bus=0
Jan 16 15:16:09 edavis-VirtualBox kernel: [    0.056000] PCI: Using configuration type 1 for base access
Jan 16 15:16:09 edavis-VirtualBox kernel: [    0.056000] bio: create slab <bio-0> at 0
Jan 16 15:16:09 edavis-VirtualBox kernel: [    0.056000] ACPI: Added _OSI(Module Device)
Jan 16 15:16:09 edavis-VirtualBox kernel: [    0.056000] ACPI: Added _OSI(Processor Device)
Jan 16 15:16:09 edavis-VirtualBox kernel: [    0.056000] ACPI: Added _OSI(3.0 _SCP Extensions)
Jan 16 15:16:09 edavis-VirtualBox kernel: [    0.056000] ACPI: Added _OSI(Processor Aggregator Device)
Jan 16 15:16:09 edavis-VirtualBox kernel: [    0.056000] ACPI: Executed 1 blocks of module-level executable AML code
Jan 16 15:16:09 edavis-VirtualBox kernel: [    0.056306] ACPI: Interpreter enabled
Jan 16 15:16:09 edavis-VirtualBox kernel: [    0.056315] ACPI Exception: AE_NOT_FOUND, While evaluating Sleep State [\_S1_] (20131115/hwxface-580)
Jan 16 15:16:09 edavis-VirtualBox kernel: [    0.056317] ACPI Exception: AE_NOT_FOUND, While evaluating Sleep State [\_S2_] (20131115/hwxface-580)
Jan 16 15:16:09 edavis-VirtualBox kernel: [    0.056319] ACPI Exception: AE_NOT_FOUND, While evaluating Sleep State [\_S3_] (20131115/hwxface-580)
Jan 16 15:16:09 edavis-VirtualBox kernel: [    0.056320] ACPI Exception: AE_NOT_FOUND, While evaluating Sleep State [\_S4_] (20131115/hwxface-580)
Jan 16 15:16:09 edavis-VirtualBox kernel: [    0.056324] ACPI: (supports S0 S5)
Jan 16 15:16:09 edavis-VirtualBox kernel: [    0.056325] ACPI: Using PIC for interrupt routing
Jan 16 15:16:09 edavis-VirtualBox kernel: [    0.056423] PCI: Ignoring host bridge windows from ACPI; if necessary, use "pci=use_crs" and report a bug
Jan 16 15:16:09 edavis-VirtualBox kernel: [    0.056445] ACPI: No dock devices found.
Jan 16 15:16:09 edavis-VirtualBox kernel: [    0.059353] ACPI: PCI Root Bridge [PCI0] (domain 0000 [bus 00-ff])
Jan 16 15:16:09 edavis-VirtualBox kernel: [    0.059359] acpi PNP0A03:00: _OSC: OS supports [ASPM ClockPM Segments MSI]
Jan 16 15:16:09 edavis-VirtualBox kernel: [    0.059364] acpi PNP0A03:00: _OSC failed (AE_NOT_FOUND); disabling ASPM
Jan 16 15:16:09 edavis-VirtualBox kernel: [    0.059470] acpi PNP0A03:00: host bridge window [io  0x0000-0x0cf7] (ignored)
Jan 16 15:16:09 edavis-VirtualBox kernel: [    0.059473] acpi PNP0A03:00: host bridge window [io  0x0d00-0xffff] (ignored)
Jan 16 15:16:09 edavis-VirtualBox kernel: [    0.059475] acpi PNP0A03:00: host bridge window [mem 0x000a0000-0x000bffff] (ignored)
Jan 16 15:16:09 edavis-VirtualBox kernel: [    0.059477] acpi PNP0A03:00: host bridge window [mem 0x80000000-0xffdfffff] (ignored)
Jan 16 15:16:09 edavis-VirtualBox kernel: [    0.059479] PCI: root bus 00: using default resources
Jan 16 15:16:09 edavis-VirtualBox kernel: [    0.059481] acpi PNP0A03:00: fail to add MMCONFIG information, can't access extended PCI configuration space under this bridge.
Jan 16 15:16:09 edavis-VirtualBox kernel: [    0.059786] PCI host bridge to bus 0000:00
Jan 16 15:16:09 edavis-VirtualBox kernel: [    0.059790] pci_bus 0000:00: root bus resource [bus 00-ff]
Jan 16 15:16:09 edavis-VirtualBox kernel: [    0.059792] pci_bus 0000:00: root bus resource [io  0x0000-0xffff]
Jan 16 15:16:09 edavis-VirtualBox kernel: [    0.059793] pci_bus 0000:00: root bus resource [mem 0x00000000-0xfffffffff]
Jan 16 15:16:09 edavis-VirtualBox kernel: [    0.059860] pci 0000:00:00.0: [8086:1237] type 00 class 0x060000
Jan 16 15:16:09 edavis-VirtualBox kernel: [    0.060796] pci 0000:00:01.0: [8086:7000] type 00 class 0x060100
Jan 16 15:16:09 edavis-VirtualBox kernel: [    0.061848] pci 0000:00:01.1: [8086:7111] type 00 class 0x01018a
Jan 16 15:16:09 edavis-VirtualBox kernel: [    0.062377] pci 0000:00:01.1: reg 0x20: [io  0xd000-0xd00f]
Jan 16 15:16:09 edavis-VirtualBox kernel: [    0.062857] pci 0000:00:02.0: [80ee:beef] type 00 class 0x030000
Jan 16 15:16:09 edavis-VirtualBox kernel: [    0.064389] pci 0000:00:02.0: reg 0x10: [mem 0xe0000000-0xe0ffffff pref]
Jan 16 15:16:09 edavis-VirtualBox kernel: [    0.072379] pci 0000:00:03.0: [8086:100e] type 00 class 0x020000
Jan 16 15:16:09 edavis-VirtualBox kernel: [    0.073326] pci 0000:00:03.0: reg 0x10: [mem 0xf0000000-0xf001ffff]
Jan 16 15:16:09 edavis-VirtualBox kernel: [    0.074907] pci 0000:00:03.0: reg 0x18: [io  0xd010-0xd017]
Jan 16 15:16:09 edavis-VirtualBox kernel: [    0.078197] pci 0000:00:04.0: [80ee:cafe] type 00 class 0x088000
Jan 16 15:16:09 edavis-VirtualBox kernel: [    0.080103] pci 0000:00:04.0: reg 0x10: [io  0xd020-0xd03f]
Jan 16 15:16:09 edavis-VirtualBox kernel: [    0.080903] pci 0000:00:04.0: reg 0x14: [mem 0xf0400000-0xf07fffff]
Jan 16 15:16:09 edavis-VirtualBox kernel: [    0.081700] pci 0000:00:04.0: reg 0x18: [mem 0xf0800000-0xf0803fff pref]
Jan 16 15:16:09 edavis-VirtualBox kernel: [    0.085155] pci 0000:00:05.0: [8086:2415] type 00 class 0x040100
Jan 16 15:16:09 edavis-VirtualBox kernel: [    0.085270] pci 0000:00:05.0: reg 0x10: [io  0xd100-0xd1ff]
Jan 16 15:16:09 edavis-VirtualBox kernel: [    0.085346] pci 0000:00:05.0: reg 0x14: [io  0xd200-0xd23f]
Jan 16 15:16:09 edavis-VirtualBox kernel: [    0.085924] pci 0000:00:06.0: [106b:003f] type 00 class 0x0c0310
Jan 16 15:16:09 edavis-VirtualBox kernel: [    0.086797] pci 0000:00:06.0: reg 0x10: [mem 0xf0804000-0xf0804fff]
Jan 16 15:16:09 edavis-VirtualBox kernel: [    0.091389] pci 0000:00:07.0: [8086:7113] type 00 class 0x068000
Jan 16 15:16:09 edavis-VirtualBox kernel: [    0.092268] pci 0000:00:0d.0: [8086:2829] type 00 class 0x010601
Jan 16 15:16:09 edavis-VirtualBox kernel: [    0.093263] pci 0000:00:0d.0: reg 0x10: [io  0xd240-0xd247]
Jan 16 15:16:09 edavis-VirtualBox kernel: [    0.094870] pci 0000:00:0d.0: reg 0x18: [io  0xd250-0xd257]
Jan 16 15:16:09 edavis-VirtualBox kernel: [    0.096123] pci 0000:00:0d.0: reg 0x20: [io  0xd260-0xd26f]
Jan 16 15:16:09 edavis-VirtualBox kernel: [    0.096952] pci 0000:00:0d.0: reg 0x24: [mem 0xf0806000-0xf0807fff]
Jan 16 15:16:09 edavis-VirtualBox kernel: [    0.098289] pci_bus 0000:00: on NUMA node 0
Jan 16 15:16:09 edavis-VirtualBox kernel: [    0.100018] ACPI: PCI Interrupt Link [LNKA] (IRQs 5 9 10 *11)
Jan 16 15:16:09 edavis-VirtualBox kernel: [    0.100186] ACPI: PCI Interrupt Link [LNKB] (IRQs 5 9 10 *11)
Jan 16 15:16:09 edavis-VirtualBox kernel: [    0.100264] ACPI: PCI Interrupt Link [LNKC] (IRQs 5 9 *10 11)
Jan 16 15:16:09 edavis-VirtualBox kernel: [    0.100350] ACPI: PCI Interrupt Link [LNKD] (IRQs 5 *9 10 11)
Jan 16 15:16:09 edavis-VirtualBox kernel: [    0.100447] ACPI: Enabled 1 GPEs in block 00 to 07
Jan 16 15:16:09 edavis-VirtualBox kernel: [    0.100452] ACPI: \_SB_.PCI0: notify handler is installed
Jan 16 15:16:09 edavis-VirtualBox kernel: [    0.100458] Found 1 acpi root devices
Jan 16 15:16:09 edavis-VirtualBox kernel: [    0.100593] vgaarb: device added: PCI:0000:00:02.0,decodes=io+mem,owns=io+mem,locks=none
Jan 16 15:16:09 edavis-VirtualBox kernel: [    0.100595] vgaarb: loaded
Jan 16 15:16:09 edavis-VirtualBox kernel: [    0.100596] vgaarb: bridge control possible 0000:00:02.0
Jan 16 15:16:09 edavis-VirtualBox kernel: [    0.100759] SCSI subsystem initialized
Jan 16 15:16:09 edavis-VirtualBox kernel: [    0.100803] libata version 3.00 loaded.
Jan 16 15:16:09 edavis-VirtualBox kernel: [    0.100830] ACPI: bus type USB registered
Jan 16 15:16:09 edavis-VirtualBox kernel: [    0.100845] usbcore: registered new interface driver usbfs
Jan 16 15:16:09 edavis-VirtualBox kernel: [    0.100850] usbcore: registered new interface driver hub
Jan 16 15:16:09 edavis-VirtualBox kernel: [    0.100877] usbcore: registered new device driver usb
Jan 16 15:16:09 edavis-VirtualBox kernel: [    0.100944] PCI: Using ACPI for IRQ routing
Jan 16 15:16:09 edavis-VirtualBox kernel: [    0.100945] PCI: pci_cache_line_size set to 64 bytes
Jan 16 15:16:09 edavis-VirtualBox kernel: [    0.101134] e820: reserve RAM buffer [mem 0x0009fc00-0x0009ffff]
Jan 16 15:16:09 edavis-VirtualBox kernel: [    0.101139] e820: reserve RAM buffer [mem 0x7fff0000-0x7fffffff]
Jan 16 15:16:09 edavis-VirtualBox kernel: [    0.101202] NetLabel: Initializing
Jan 16 15:16:09 edavis-VirtualBox kernel: [    0.101203] NetLabel:  domain hash size = 128
Jan 16 15:16:09 edavis-VirtualBox kernel: [    0.101203] NetLabel:  protocols = UNLABELED CIPSOv4
Jan 16 15:16:09 edavis-VirtualBox kernel: [    0.101212] NetLabel:  unlabeled traffic allowed by default
Jan 16 15:16:09 edavis-VirtualBox kernel: [    0.101300] Switched to clocksource refined-jiffies
Jan 16 15:16:09 edavis-VirtualBox kernel: [    0.104948] AppArmor: AppArmor Filesystem Enabled
Jan 16 15:16:09 edavis-VirtualBox kernel: [    0.104962] pnp: PnP ACPI init
Jan 16 15:16:09 edavis-VirtualBox kernel: [    0.104968] ACPI: bus type PNP registered
Jan 16 15:16:09 edavis-VirtualBox kernel: [    0.104998] pnp 00:00: Plug and Play ACPI device, IDs PNP0303 (active)
Jan 16 15:16:09 edavis-VirtualBox kernel: [    0.105008] pnp 00:01: [dma 4]
Jan 16 15:16:09 edavis-VirtualBox kernel: [    0.105018] pnp 00:01: Plug and Play ACPI device, IDs PNP0200 (active)
Jan 16 15:16:09 edavis-VirtualBox kernel: [    0.105073] pnp 00:02: Plug and Play ACPI device, IDs PNP0f03 (active)
Jan 16 15:16:09 edavis-VirtualBox kernel: [    0.105097] pnp 00:03: Plug and Play ACPI device, IDs PNP0400 (active)
Jan 16 15:16:09 edavis-VirtualBox kernel: [    0.105664] pnp: PnP ACPI: found 4 devices
Jan 16 15:16:09 edavis-VirtualBox kernel: [    0.105665] ACPI: bus type PNP unregistered
Jan 16 15:16:09 edavis-VirtualBox kernel: [    0.105668] PnPBIOS: Disabled by ACPI PNP
Jan 16 15:16:09 edavis-VirtualBox kernel: [    0.140971] Switched to clocksource acpi_pm
Jan 16 15:16:09 edavis-VirtualBox kernel: [    0.140998] pci_bus 0000:00: resource 4 [io  0x0000-0xffff]
Jan 16 15:16:09 edavis-VirtualBox kernel: [    0.141008] pci_bus 0000:00: resource 5 [mem 0x00000000-0xfffffffff]
Jan 16 15:16:09 edavis-VirtualBox kernel: [    0.141067] NET: Registered protocol family 2
Jan 16 15:16:09 edavis-VirtualBox kernel: [    0.141538] TCP established hash table entries: 8192 (order: 3, 32768 bytes)
Jan 16 15:16:09 edavis-VirtualBox kernel: [    0.141545] TCP bind hash table entries: 8192 (order: 4, 65536 bytes)
Jan 16 15:16:09 edavis-VirtualBox kernel: [    0.141566] TCP: Hash tables configured (established 8192 bind 8192)
Jan 16 15:16:09 edavis-VirtualBox kernel: [    0.141652] TCP: reno registered
Jan 16 15:16:09 edavis-VirtualBox kernel: [    0.141655] UDP hash table entries: 512 (order: 2, 16384 bytes)
Jan 16 15:16:09 edavis-VirtualBox kernel: [    0.141668] UDP-Lite hash table entries: 512 (order: 2, 16384 bytes)
Jan 16 15:16:09 edavis-VirtualBox kernel: [    0.141783] NET: Registered protocol family 1
Jan 16 15:16:09 edavis-VirtualBox kernel: [    0.141795] pci 0000:00:00.0: Limiting direct PCI/PCI transfers
Jan 16 15:16:09 edavis-VirtualBox kernel: [    0.141823] pci 0000:00:01.0: Activating ISA DMA hang workarounds
Jan 16 15:16:09 edavis-VirtualBox kernel: [    0.141864] pci 0000:00:02.0: Boot video device
Jan 16 15:16:09 edavis-VirtualBox kernel: [    0.142950] ACPI: PCI Interrupt Link [LNKB] enabled at IRQ 11
Jan 16 15:16:09 edavis-VirtualBox kernel: [    0.142952] PCI: setting IRQ 11 as level-triggered
Jan 16 15:16:09 edavis-VirtualBox kernel: [    0.143425] PCI: CLS 0 bytes, default 64
Jan 16 15:16:09 edavis-VirtualBox kernel: [    0.143703] Trying to unpack rootfs image as initramfs...
Jan 16 15:16:09 edavis-VirtualBox kernel: [    0.373164] Freeing initrd memory: 18276K (f5c3e000 - f6e17000)
Jan 16 15:16:09 edavis-VirtualBox kernel: [    0.373260] platform rtc_cmos: registered platform RTC device (no PNP device found)
Jan 16 15:16:09 edavis-VirtualBox kernel: [    0.373260] microcode: CPU0 sig=0x306a9, pf=0x2, revision=0x19
Jan 16 15:16:09 edavis-VirtualBox kernel: [    0.373260] microcode: Microcode Update Driver: v2.00 <tigran@aivazian.fsnet.co.uk>, Peter Oruba
Jan 16 15:16:09 edavis-VirtualBox kernel: [    0.373260] Scanning for low memory corruption every 60 seconds
Jan 16 15:16:09 edavis-VirtualBox kernel: [    0.373261] Initialise system trusted keyring
Jan 16 15:16:09 edavis-VirtualBox kernel: [    0.373261] audit: initializing netlink socket (disabled)
Jan 16 15:16:09 edavis-VirtualBox kernel: [    0.373261] type=2000 audit(1421439366.371:1): initialized
Jan 16 15:16:09 edavis-VirtualBox kernel: [    0.388039] bounce pool size: 64 pages
Jan 16 15:16:09 edavis-VirtualBox kernel: [    0.388039] HugeTLB registered 2 MB page size, pre-allocated 0 pages
Jan 16 15:16:09 edavis-VirtualBox kernel: [    0.388659] zbud: loaded
Jan 16 15:16:09 edavis-VirtualBox kernel: [    0.388724] VFS: Disk quotas dquot_6.5.2
Jan 16 15:16:09 edavis-VirtualBox kernel: [    0.388748] Dquot-cache hash table entries: 1024 (order 0, 4096 bytes)
Jan 16 15:16:09 edavis-VirtualBox kernel: [    0.388981] fuse init (API version 7.22)
Jan 16 15:16:09 edavis-VirtualBox kernel: [    0.389020] msgmni has been set to 1718
Jan 16 15:16:09 edavis-VirtualBox kernel: [    0.389051] Key type big_key registered
Jan 16 15:16:09 edavis-VirtualBox kernel: [    0.389218] Key type asymmetric registered
Jan 16 15:16:09 edavis-VirtualBox kernel: [    0.389219] Asymmetric key parser 'x509' registered
Jan 16 15:16:09 edavis-VirtualBox kernel: [    0.389236] Block layer SCSI generic (bsg) driver version 0.4 loaded (major 252)
Jan 16 15:16:09 edavis-VirtualBox kernel: [    0.389253] io scheduler noop registered
Jan 16 15:16:09 edavis-VirtualBox kernel: [    0.389254] io scheduler deadline registered (default)
Jan 16 15:16:09 edavis-VirtualBox kernel: [    0.389268] io scheduler cfq registered
Jan 16 15:16:09 edavis-VirtualBox kernel: [    0.389313] pci_hotplug: PCI Hot Plug PCI Core version: 0.5
Jan 16 15:16:09 edavis-VirtualBox kernel: [    0.389322] pciehp: PCI Express Hot Plug Controller Driver version: 0.4
Jan 16 15:16:09 edavis-VirtualBox kernel: [    0.389345] vesafb: mode is 640x480x32, linelength=2560, pages=0
Jan 16 15:16:09 edavis-VirtualBox kernel: [    0.389346] vesafb: scrolling: redraw
Jan 16 15:16:09 edavis-VirtualBox kernel: [    0.389347] vesafb: Truecolor: size=8:8:8:8, shift=24:16:8:0
Jan 16 15:16:09 edavis-VirtualBox kernel: [    0.389374] vesafb: framebuffer at 0xe0000000, mapped to 0xf8480000, using 1216k, total 1216k
Jan 16 15:16:09 edavis-VirtualBox kernel: [    0.390786] Console: switching to colour frame buffer device 80x30
Jan 16 15:16:09 edavis-VirtualBox kernel: [    0.391417] fb0: VESA VGA frame buffer device
Jan 16 15:16:09 edavis-VirtualBox kernel: [    0.391450] ipmi message handler version 39.2
Jan 16 15:16:09 edavis-VirtualBox kernel: [    0.392342] ACPI: AC Adapter [AC] (off-line)
Jan 16 15:16:09 edavis-VirtualBox kernel: [    0.392726] input: Power Button as /devices/LNXSYSTM:00/LNXPWRBN:00/input/input0
Jan 16 15:16:09 edavis-VirtualBox kernel: [    0.392726] ACPI: Power Button [PWRF]
Jan 16 15:16:09 edavis-VirtualBox kernel: [    0.392726] input: Sleep Button as /devices/LNXSYSTM:00/LNXSLPBN:00/input/input1
Jan 16 15:16:09 edavis-VirtualBox kernel: [    0.392843] ACPI: Sleep Button [SLPF]
Jan 16 15:16:09 edavis-VirtualBox kernel: [    0.392929] GHES: HEST is not enabled!
Jan 16 15:16:09 edavis-VirtualBox kernel: [    0.393005] Serial: 8250/16550 driver, 32 ports, IRQ sharing enabled
Jan 16 15:16:09 edavis-VirtualBox kernel: [    0.394066] Linux agpgart interface v0.103
Jan 16 15:16:09 edavis-VirtualBox kernel: [    0.395834] ACPI: Deprecated procfs I/F for battery is loaded, please retry with CONFIG_ACPI_PROCFS_POWER cleared
Jan 16 15:16:09 edavis-VirtualBox kernel: [    0.395840] ACPI: Battery Slot [BAT0] (battery present)
Jan 16 15:16:09 edavis-VirtualBox kernel: [    0.395859] isapnp: Scanning for PnP cards...
Jan 16 15:16:09 edavis-VirtualBox kernel: [    0.446458] brd: module loaded
Jan 16 15:16:09 edavis-VirtualBox kernel: [    0.446802] loop: module loaded
Jan 16 15:16:09 edavis-VirtualBox kernel: [    0.446887] ata_piix 0000:00:01.1: version 2.13
Jan 16 15:16:09 edavis-VirtualBox kernel: [    0.491709] scsi0 : ata_piix
Jan 16 15:16:09 edavis-VirtualBox kernel: [    0.491750] scsi1 : ata_piix
Jan 16 15:16:09 edavis-VirtualBox kernel: [    0.491767] ata1: PATA max UDMA/33 cmd 0x1f0 ctl 0x3f6 bmdma 0xd000 irq 14
Jan 16 15:16:09 edavis-VirtualBox kernel: [    0.491768] ata2: PATA max UDMA/33 cmd 0x170 ctl 0x376 bmdma 0xd008 irq 15
Jan 16 15:16:09 edavis-VirtualBox kernel: [    0.491914] libphy: Fixed MDIO Bus: probed
Jan 16 15:16:09 edavis-VirtualBox kernel: [    0.491962] tun: Universal TUN/TAP device driver, 1.6
Jan 16 15:16:09 edavis-VirtualBox kernel: [    0.491963] tun: (C) 1999-2004 Max Krasnyansky <maxk@qualcomm.com>
Jan 16 15:16:09 edavis-VirtualBox kernel: [    0.491983] PPP generic driver version 2.4.2
Jan 16 15:16:09 edavis-VirtualBox kernel: [    0.492006] ehci_hcd: USB 2.0 'Enhanced' Host Controller (EHCI) Driver
Jan 16 15:16:09 edavis-VirtualBox kernel: [    0.492009] ehci-pci: EHCI PCI platform driver
Jan 16 15:16:09 edavis-VirtualBox kernel: [    0.492017] ehci-platform: EHCI generic platform driver
Jan 16 15:16:09 edavis-VirtualBox kernel: [    0.492021] ohci_hcd: USB 1.1 'Open' Host Controller (OHCI) Driver
Jan 16 15:16:09 edavis-VirtualBox kernel: [    0.492022] ohci-pci: OHCI PCI platform driver
Jan 16 15:16:09 edavis-VirtualBox kernel: [    0.492189] ohci-pci 0000:00:06.0: OHCI PCI host controller
Jan 16 15:16:09 edavis-VirtualBox kernel: [    0.492193] ohci-pci 0000:00:06.0: new USB bus registered, assigned bus number 1
Jan 16 15:16:09 edavis-VirtualBox kernel: [    0.492219] ohci-pci 0000:00:06.0: irq 11, io mem 0xf0804000
Jan 16 15:16:09 edavis-VirtualBox kernel: [    0.673718] usb usb1: New USB device found, idVendor=1d6b, idProduct=0001
Jan 16 15:16:09 edavis-VirtualBox kernel: [    0.673721] usb usb1: New USB device strings: Mfr=3, Product=2, SerialNumber=1
Jan 16 15:16:09 edavis-VirtualBox kernel: [    0.673723] usb usb1: Product: OHCI PCI host controller
Jan 16 15:16:09 edavis-VirtualBox kernel: [    0.673724] usb usb1: Manufacturer: Linux 3.13.0-32-generic ohci_hcd
Jan 16 15:16:09 edavis-VirtualBox kernel: [    0.673725] usb usb1: SerialNumber: 0000:00:06.0
Jan 16 15:16:09 edavis-VirtualBox kernel: [    0.673829] hub 1-0:1.0: USB hub found
Jan 16 15:16:09 edavis-VirtualBox kernel: [    0.673847] hub 1-0:1.0: 8 ports detected
Jan 16 15:16:09 edavis-VirtualBox kernel: [    0.674110] ohci-platform: OHCI generic platform driver
Jan 16 15:16:09 edavis-VirtualBox kernel: [    0.674120] uhci_hcd: USB Universal Host Controller Interface driver
Jan 16 15:16:09 edavis-VirtualBox kernel: [    0.674167] i8042: PNP: PS/2 Controller [PNP0303:PS2K,PNP0f03:PS2M] at 0x60,0x64 irq 1,12
Jan 16 15:16:09 edavis-VirtualBox kernel: [    0.675184] serio: i8042 KBD port at 0x60,0x64 irq 1
Jan 16 15:16:09 edavis-VirtualBox kernel: [    0.675190] serio: i8042 AUX port at 0x60,0x64 irq 12
Jan 16 15:16:09 edavis-VirtualBox kernel: [    0.675265] mousedev: PS/2 mouse device common for all mice
Jan 16 15:16:09 edavis-VirtualBox kernel: [    0.675821] input: AT Translated Set 2 keyboard as /devices/platform/i8042/serio0/input/input2
Jan 16 15:16:09 edavis-VirtualBox kernel: [    0.676388] rtc_cmos rtc_cmos: rtc core: registered rtc_cmos as rtc0
Jan 16 15:16:09 edavis-VirtualBox kernel: [    0.676415] rtc_cmos rtc_cmos: alarms up to one day, 114 bytes nvram
Jan 16 15:16:09 edavis-VirtualBox kernel: [    0.676466] device-mapper: uevent: version 1.0.3
Jan 16 15:16:09 edavis-VirtualBox kernel: [    0.676506] device-mapper: ioctl: 4.27.0-ioctl (2013-10-30) initialised: dm-devel@redhat.com
Jan 16 15:16:09 edavis-VirtualBox kernel: [    0.676518] platform eisa.0: Probing EISA bus 0
Jan 16 15:16:09 edavis-VirtualBox kernel: [    0.676539] platform eisa.0: Cannot allocate resource for EISA slot 4
Jan 16 15:16:09 edavis-VirtualBox kernel: [    0.676558] platform eisa.0: EISA: Detected 0 cards
Jan 16 15:16:09 edavis-VirtualBox kernel: [    0.676562] cpufreq-nforce2: No nForce2 chipset.
Jan 16 15:16:09 edavis-VirtualBox kernel: [    0.676565] ledtrig-cpu: registered to indicate activity on CPUs
Jan 16 15:16:09 edavis-VirtualBox kernel: [    0.676667] TCP: cubic registered
Jan 16 15:16:09 edavis-VirtualBox kernel: [    0.676730] NET: Registered protocol family 10
Jan 16 15:16:09 edavis-VirtualBox kernel: [    0.676880] NET: Registered protocol family 17
Jan 16 15:16:09 edavis-VirtualBox kernel: [    0.676888] Key type dns_resolver registered
Jan 16 15:16:09 edavis-VirtualBox kernel: [    0.676994] Using IPI No-Shortcut mode
Jan 16 15:16:09 edavis-VirtualBox kernel: [    0.677041] Loading compiled-in X.509 certificates
Jan 16 15:16:09 edavis-VirtualBox kernel: [    0.679494] Loaded X.509 cert 'Magrathea: Glacier signing key: a7fc6590fc4a8d859aaebda2ca5dd04716244fa0'
Jan 16 15:16:09 edavis-VirtualBox kernel: [    0.679505] registered taskstats version 1
Jan 16 15:16:09 edavis-VirtualBox kernel: [    0.726428] isapnp: No Plug & Play device found
Jan 16 15:16:09 edavis-VirtualBox kernel: [    0.726779] ata2.00: ATAPI: VBOX CD-ROM, 1.0, max UDMA/133
Jan 16 15:16:09 edavis-VirtualBox kernel: [    0.727144] ata2.00: configured for UDMA/33
Jan 16 15:16:09 edavis-VirtualBox kernel: [    0.727576] scsi 1:0:0:0: CD-ROM            VBOX     CD-ROM           1.0  PQ: 0 ANSI: 5
Jan 16 15:16:09 edavis-VirtualBox kernel: [    0.728224] sr0: scsi3-mmc drive: 32x/32x xa/form2 tray
Jan 16 15:16:09 edavis-VirtualBox kernel: [    0.728226] cdrom: Uniform CD-ROM driver Revision: 3.20
Jan 16 15:16:09 edavis-VirtualBox kernel: [    0.728295] sr 1:0:0:0: Attached scsi CD-ROM sr0
Jan 16 15:16:09 edavis-VirtualBox kernel: [    0.728404] sr 1:0:0:0: Attached scsi generic sg0 type 5
Jan 16 15:16:09 edavis-VirtualBox kernel: [    0.728533] Key type trusted registered
Jan 16 15:16:09 edavis-VirtualBox kernel: [    0.730221] Key type encrypted registered
Jan 16 15:16:09 edavis-VirtualBox kernel: [    0.731738] AppArmor: AppArmor sha1 policy hashing enabled
Jan 16 15:16:09 edavis-VirtualBox kernel: [    0.731741] IMA: No TPM chip found, activating TPM-bypass!
Jan 16 15:16:09 edavis-VirtualBox kernel: [    0.732101] regulator-dummy: disabling
Jan 16 15:16:09 edavis-VirtualBox kernel: [    0.732127]   Magic number: 15:13:296
Jan 16 15:16:09 edavis-VirtualBox kernel: [    0.732147] tty tty29: hash matches
Jan 16 15:16:09 edavis-VirtualBox kernel: [    0.732199] rtc_cmos rtc_cmos: setting system clock to 2015-01-16 20:16:07 UTC (1421439367)
Jan 16 15:16:09 edavis-VirtualBox kernel: [    0.732236] BIOS EDD facility v0.16 2004-Jun-25, 0 devices found
Jan 16 15:16:09 edavis-VirtualBox kernel: [    0.732237] EDD information not available.
Jan 16 15:16:09 edavis-VirtualBox kernel: [    0.732251] PM: Hibernation image not present or could not be loaded.
Jan 16 15:16:09 edavis-VirtualBox kernel: [    0.732390] Freeing unused kernel memory: 872K (c19b4000 - c1a8e000)
Jan 16 15:16:09 edavis-VirtualBox kernel: [    0.732418] Write protecting the kernel text: 6532k
Jan 16 15:16:09 edavis-VirtualBox kernel: [    0.732451] Write protecting the kernel read-only data: 2764k
Jan 16 15:16:09 edavis-VirtualBox kernel: [    0.732452] NX-protecting the kernel data: 5756k
Jan 16 15:16:09 edavis-VirtualBox kernel: [    0.778180] e1000: Intel(R) PRO/1000 Network Driver - version 7.3.21-k8-NAPI
Jan 16 15:16:09 edavis-VirtualBox kernel: [    0.778183] e1000: Copyright (c) 1999-2006 Intel Corporation.
Jan 16 15:16:09 edavis-VirtualBox kernel: [    0.778907] ACPI: PCI Interrupt Link [LNKC] enabled at IRQ 10
Jan 16 15:16:09 edavis-VirtualBox kernel: [    0.778910] PCI: setting IRQ 10 as level-triggered
Jan 16 15:16:09 edavis-VirtualBox kernel: [    1.110645] input: ImExPS/2 Generic Explorer Mouse as /devices/platform/i8042/serio1/input/input4
Jan 16 15:16:09 edavis-VirtualBox kernel: [    1.146770] e1000 0000:00:03.0 eth0: (PCI:33MHz:32-bit) 08:00:27:a1:10:6a
Jan 16 15:16:09 edavis-VirtualBox kernel: [    1.146776] e1000 0000:00:03.0 eth0: Intel(R) PRO/1000 Network Connection
Jan 16 15:16:09 edavis-VirtualBox kernel: [    1.147073] ahci 0000:00:0d.0: version 3.0
Jan 16 15:16:09 edavis-VirtualBox kernel: [    1.147879] ACPI: PCI Interrupt Link [LNKA] enabled at IRQ 11
Jan 16 15:16:09 edavis-VirtualBox kernel: [    1.147950] ahci 0000:00:0d.0: SSS flag set, parallel bus scan disabled
Jan 16 15:16:09 edavis-VirtualBox kernel: [    1.148157] ahci 0000:00:0d.0: AHCI 0001.0100 32 slots 1 ports 3 Gbps 0x1 impl SATA mode
Jan 16 15:16:09 edavis-VirtualBox kernel: [    1.148159] ahci 0000:00:0d.0: flags: 64bit ncq stag only ccc 
Jan 16 15:16:09 edavis-VirtualBox kernel: [    1.150817] scsi2 : ahci
Jan 16 15:16:09 edavis-VirtualBox kernel: [    1.150855] ata3: SATA max UDMA/133 abar m8192@0xf0806000 port 0xf0806100 irq 11
Jan 16 15:16:09 edavis-VirtualBox kernel: [    1.321452] usb 1-1: new full-speed USB device number 2 using ohci-pci
Jan 16 15:16:09 edavis-VirtualBox kernel: [    1.373576] tsc: Refined TSC clocksource calibration: 2699.355 MHz
Jan 16 15:16:09 edavis-VirtualBox kernel: [    1.469832] ata3: SATA link up 3.0 Gbps (SStatus 123 SControl 300)
Jan 16 15:16:09 edavis-VirtualBox kernel: [    1.470134] ata3.00: ATA-6: VBOX HARDDISK, 1.0, max UDMA/133
Jan 16 15:16:09 edavis-VirtualBox kernel: [    1.470138] ata3.00: 41943040 sectors, multi 128: LBA48 NCQ (depth 31/32)
Jan 16 15:16:09 edavis-VirtualBox kernel: [    1.470818] ata3.00: configured for UDMA/133
Jan 16 15:16:09 edavis-VirtualBox kernel: [    1.470965] scsi 2:0:0:0: Direct-Access     ATA      VBOX HARDDISK    1.0  PQ: 0 ANSI: 5
Jan 16 15:16:09 edavis-VirtualBox kernel: [    1.471339] sd 2:0:0:0: Attached scsi generic sg1 type 0
Jan 16 15:16:09 edavis-VirtualBox kernel: [    1.471500] sd 2:0:0:0: [sda] 41943040 512-byte logical blocks: (21.4 GB/20.0 GiB)
Jan 16 15:16:09 edavis-VirtualBox kernel: [    1.471576] sd 2:0:0:0: [sda] Write Protect is off
Jan 16 15:16:09 edavis-VirtualBox kernel: [    1.471579] sd 2:0:0:0: [sda] Mode Sense: 00 3a 00 00
Jan 16 15:16:09 edavis-VirtualBox kernel: [    1.471608] sd 2:0:0:0: [sda] Write cache: enabled, read cache: enabled, doesn't support DPO or FUA
Jan 16 15:16:09 edavis-VirtualBox kernel: [    1.479869]  sda: sda1 sda2 < sda5 >
Jan 16 15:16:09 edavis-VirtualBox kernel: [    1.480449] sd 2:0:0:0: [sda] Attached SCSI disk
Jan 16 15:16:09 edavis-VirtualBox kernel: [    1.553905] EXT4-fs (sda1): mounted filesystem with ordered data mode. Opts: (null)
Jan 16 15:16:09 edavis-VirtualBox kernel: [    1.592042] usb 1-1: New USB device found, idVendor=80ee, idProduct=0021
Jan 16 15:16:09 edavis-VirtualBox kernel: [    1.592042] usb 1-1: New USB device strings: Mfr=1, Product=3, SerialNumber=0
Jan 16 15:16:09 edavis-VirtualBox kernel: [    1.592042] usb 1-1: Product: USB Tablet
Jan 16 15:16:09 edavis-VirtualBox kernel: [    1.592042] usb 1-1: Manufacturer: VirtualBox
Jan 16 15:16:09 edavis-VirtualBox kernel: [    1.679842] random: init urandom read with 30 bits of entropy available
Jan 16 15:16:09 edavis-VirtualBox kernel: [    1.976417] Adding 2095100k swap on /dev/sda5.  Priority:-1 extents:1 across:2095100k FS
Jan 16 15:16:09 edavis-VirtualBox kernel: [    2.011757] IPv6: ADDRCONF(NETDEV_UP): eth0: link is not ready
Jan 16 15:16:09 edavis-VirtualBox kernel: [    2.203554] EXT4-fs (sda1): re-mounted. Opts: errors=remount-ro
Jan 16 15:16:09 edavis-VirtualBox kernel: [    2.284566] lp: driver loaded but no devices found
Jan 16 15:16:09 edavis-VirtualBox kernel: [    2.311352] ppdev: user-space parallel port driver
Jan 16 15:16:09 edavis-VirtualBox kernel: [    2.322065] parport_pc 00:03: reported by Plug and Play ACPI
Jan 16 15:16:09 edavis-VirtualBox kernel: [    2.382191] Switched to clocksource tsc
Jan 16 15:16:09 edavis-VirtualBox kernel: [    2.514536] piix4_smbus 0000:00:07.0: SMBus base address uninitialized - upgrade BIOS or use force_addr=0xaddr
Jan 16 15:16:09 edavis-VirtualBox kernel: [    2.718479] type=1400 audit(1421439369.482:2): apparmor="STATUS" operation="profile_load" profile="unconfined" name="/sbin/dhclient" pid=387 comm="apparmor_parser"
Jan 16 15:16:09 edavis-VirtualBox kernel: [    2.718483] type=1400 audit(1421439369.482:3): apparmor="STATUS" operation="profile_load" profile="unconfined" name="/usr/lib/NetworkManager/nm-dhcp-client.action" pid=387 comm="apparmor_parser"
Jan 16 15:16:09 edavis-VirtualBox kernel: [    2.718486] type=1400 audit(1421439369.482:4): apparmor="STATUS" operation="profile_load" profile="unconfined" name="/usr/lib/connman/scripts/dhclient-script" pid=387 comm="apparmor_parser"
Jan 16 15:16:09 edavis-VirtualBox kernel: [    2.718806] type=1400 audit(1421439369.482:5): apparmor="STATUS" operation="profile_replace" profile="unconfined" name="/usr/lib/NetworkManager/nm-dhcp-client.action" pid=387 comm="apparmor_parser"
Jan 16 15:16:09 edavis-VirtualBox kernel: [    2.718810] type=1400 audit(1421439369.482:6): apparmor="STATUS" operation="profile_replace" profile="unconfined" name="/usr/lib/connman/scripts/dhclient-script" pid=387 comm="apparmor_parser"
Jan 16 15:16:09 edavis-VirtualBox kernel: [    2.718964] type=1400 audit(1421439369.482:7): apparmor="STATUS" operation="profile_replace" profile="unconfined" name="/usr/lib/connman/scripts/dhclient-script" pid=387 comm="apparmor_parser"
Jan 16 15:16:09 edavis-VirtualBox kernel: [    2.900955] hidraw: raw HID events driver (C) Jiri Kosina
Jan 16 15:16:09 edavis-VirtualBox rsyslogd-2039: Could no open output pipe '/dev/xconsole': No such file or directory [try http://www.rsyslog.com/e/2039 ]
Jan 16 15:16:09 edavis-VirtualBox kernel: [    2.980336] Bluetooth: Core ver 2.17
Jan 16 15:16:09 edavis-VirtualBox kernel: [    2.980565] NET: Registered protocol family 31
Jan 16 15:16:09 edavis-VirtualBox kernel: [    2.980567] Bluetooth: HCI device and connection manager initialized
Jan 16 15:16:09 edavis-VirtualBox kernel: [    2.980573] Bluetooth: HCI socket layer initialized
Jan 16 15:16:09 edavis-VirtualBox kernel: [    2.980574] Bluetooth: L2CAP socket layer initialized
Jan 16 15:16:09 edavis-VirtualBox kernel: [    2.980578] Bluetooth: SCO socket layer initialized
Jan 16 15:16:09 edavis-VirtualBox bluetoothd[434]: DIS cannot start: GATT is disabled
Jan 16 15:16:09 edavis-VirtualBox bluetoothd[434]: Failed to init deviceinfo plugin
Jan 16 15:16:09 edavis-VirtualBox bluetoothd[434]: Failed to init proximity plugin
Jan 16 15:16:09 edavis-VirtualBox bluetoothd[434]: Failed to init time plugin
Jan 16 15:16:09 edavis-VirtualBox bluetoothd[434]: Failed to init alert plugin
Jan 16 15:16:09 edavis-VirtualBox bluetoothd[434]: Failed to init thermometer plugin
Jan 16 15:16:09 edavis-VirtualBox kernel: [    3.038917] Bluetooth: BNEP (Ethernet Emulation) ver 1.3
Jan 16 15:16:09 edavis-VirtualBox kernel: [    3.038920] Bluetooth: BNEP filters: protocol multicast
Jan 16 15:16:09 edavis-VirtualBox kernel: [    3.038965] Bluetooth: BNEP socket layer initialized
Jan 16 15:16:09 edavis-VirtualBox bluetoothd[434]: Failed to init gatt_example plugin
Jan 16 15:16:09 edavis-VirtualBox bluetoothd[434]: Bluetooth Management interface initialized
Jan 16 15:16:09 edavis-VirtualBox kernel: [    3.046271] type=1400 audit(1421439369.810:8): apparmor="STATUS" operation="profile_load" profile="unconfined" name="/usr/lib/cups/backend/cups-pdf" pid=454 comm="apparmor_parser"
Jan 16 15:16:09 edavis-VirtualBox kernel: [    3.046277] type=1400 audit(1421439369.810:9): apparmor="STATUS" operation="profile_load" profile="unconfined" name="/usr/sbin/cupsd" pid=454 comm="apparmor_parser"
Jan 16 15:16:09 edavis-VirtualBox kernel: [    3.046581] type=1400 audit(1421439369.810:10): apparmor="STATUS" operation="profile_replace" profile="unconfined" name="/usr/sbin/cupsd" pid=454 comm="apparmor_parser"
Jan 16 15:16:09 edavis-VirtualBox avahi-daemon[462]: Found user 'avahi' (UID 111) and group 'avahi' (GID 117).
Jan 16 15:16:09 edavis-VirtualBox avahi-daemon[462]: Successfully dropped root privileges.
Jan 16 15:16:09 edavis-VirtualBox avahi-daemon[462]: avahi-daemon 0.6.31 starting up.
Jan 16 15:16:09 edavis-VirtualBox avahi-daemon[462]: Successfully called chroot().
Jan 16 15:16:09 edavis-VirtualBox avahi-daemon[462]: Successfully dropped remaining capabilities.
Jan 16 15:16:09 edavis-VirtualBox avahi-daemon[462]: No service file found in /etc/avahi/services.
Jan 16 15:16:09 edavis-VirtualBox kernel: [    3.089419] Bluetooth: RFCOMM TTY layer initialized
Jan 16 15:16:09 edavis-VirtualBox kernel: [    3.089428] Bluetooth: RFCOMM socket layer initialized
Jan 16 15:16:09 edavis-VirtualBox kernel: [    3.089433] Bluetooth: RFCOMM ver 1.11
Jan 16 15:16:09 edavis-VirtualBox avahi-daemon[462]: Network interface enumeration completed.
Jan 16 15:16:09 edavis-VirtualBox avahi-daemon[462]: Registering HINFO record with values 'I686'/'LINUX'.
Jan 16 15:16:09 edavis-VirtualBox avahi-daemon[462]: Server startup complete. Host name is edavis-VirtualBox.local. Local service cookie is 1062475482.
Jan 16 15:16:09 edavis-VirtualBox kernel: [    3.209224] usbcore: registered new interface driver usbhid
Jan 16 15:16:09 edavis-VirtualBox kernel: [    3.209227] usbhid: USB HID core driver
Jan 16 15:16:10 edavis-VirtualBox failsafe: Failsafe of 120 seconds reached.
Jan 16 15:16:10 edavis-VirtualBox kernel: [    3.365588] intel_rapl: domain package energy ctr 0:0 not working, skip
Jan 16 15:16:10 edavis-VirtualBox kernel: [    3.504662] intel_rapl: domain core energy ctr 0:0 not working, skip
Jan 16 15:16:10 edavis-VirtualBox ModemManager[586]: <info>  ModemManager (version 1.0.0) starting...
Jan 16 15:16:10 edavis-VirtualBox kernel: [    3.636081] intel_rapl: domain uncore energy ctr 0:0 not working, skip
Jan 16 15:16:10 edavis-VirtualBox kernel: [    3.636122] intel_rapl: no valid rapl domains found in package 0
Jan 16 15:16:10 edavis-VirtualBox kernel: [    3.739671] input: VirtualBox USB Tablet as /devices/pci0000:00/0000:00:06.0/usb1/1-1/1-1:1.0/input/input5
Jan 16 15:16:10 edavis-VirtualBox kernel: [    3.739915] hid-generic 0003:80EE:0021.0001: input,hidraw0: USB HID v1.10 Mouse [VirtualBox USB Tablet] on usb-0000:00:06.0-1/input0
Jan 16 15:16:10 edavis-VirtualBox NetworkManager[627]: <info> NetworkManager (version 0.9.8.8) is starting...
Jan 16 15:16:10 edavis-VirtualBox NetworkManager[627]: <info> Read config file /etc/NetworkManager/NetworkManager.conf
Jan 16 15:16:10 edavis-VirtualBox NetworkManager[627]: <info> WEXT support is enabled
Jan 16 15:16:10 edavis-VirtualBox NetworkManager[627]: <info> VPN: loaded org.freedesktop.NetworkManager.pptp
Jan 16 15:16:10 edavis-VirtualBox NetworkManager[627]: <info> DNS: loaded plugin dnsmasq
Jan 16 15:16:10 edavis-VirtualBox dbus[395]: [system] Activating service name='org.freedesktop.PolicyKit1' (using servicehelper)
Jan 16 15:16:10 edavis-VirtualBox polkitd[655]: started daemon version 0.105 using authority implementation `local' version `0.105'
Jan 16 15:16:10 edavis-VirtualBox dbus[395]: [system] Successfully activated service 'org.freedesktop.PolicyKit1'
Jan 16 15:16:10 edavis-VirtualBox NetworkManager[627]:    SCPlugin-Ifupdown: init!
Jan 16 15:16:10 edavis-VirtualBox NetworkManager[627]:    SCPlugin-Ifupdown: update_system_hostname
Jan 16 15:16:10 edavis-VirtualBox NetworkManager[627]:       interface-parser: parsing file /etc/network/interfaces
Jan 16 15:16:10 edavis-VirtualBox NetworkManager[627]:       interface-parser: finished parsing file /etc/network/interfaces
Jan 16 15:16:10 edavis-VirtualBox NetworkManager[627]:    SCPluginIfupdown: management mode: unmanaged
Jan 16 15:16:10 edavis-VirtualBox NetworkManager[627]:    SCPlugin-Ifupdown: devices added (path: /sys/devices/pci0000:00/0000:00:03.0/net/eth0, iface: eth0)
Jan 16 15:16:10 edavis-VirtualBox NetworkManager[627]:    SCPlugin-Ifupdown: device added (path: /sys/devices/pci0000:00/0000:00:03.0/net/eth0, iface: eth0): no ifupdown configuration found.
Jan 16 15:16:10 edavis-VirtualBox NetworkManager[627]:    SCPlugin-Ifupdown: devices added (path: /sys/devices/virtual/net/lo, iface: lo)
Jan 16 15:16:10 edavis-VirtualBox NetworkManager[627]:    SCPlugin-Ifupdown: device added (path: /sys/devices/virtual/net/lo, iface: lo): no ifupdown configuration found.
Jan 16 15:16:10 edavis-VirtualBox NetworkManager[627]:    SCPlugin-Ifupdown: end _init.
Jan 16 15:16:10 edavis-VirtualBox NetworkManager[627]: <info> Loaded plugin ifupdown: (C) 2008 Canonical Ltd.  To report bugs please use the NetworkManager mailing list.
Jan 16 15:16:10 edavis-VirtualBox NetworkManager[627]: <info> Loaded plugin keyfile: (c) 2007 - 2010 Red Hat, Inc.  To report bugs please use the NetworkManager mailing list.
Jan 16 15:16:10 edavis-VirtualBox NetworkManager[627]:    SCPlugin-Ofono: Acquired D-Bus service com.canonical.NMOfono
Jan 16 15:16:10 edavis-VirtualBox NetworkManager[627]:    SCPlugin-Ofono: init!
Jan 16 15:16:10 edavis-VirtualBox NetworkManager[627]:    SCPlugin-Ofono: end _init.
Jan 16 15:16:10 edavis-VirtualBox NetworkManager[627]: <info> Loaded plugin (null): (null)
Jan 16 15:16:10 edavis-VirtualBox NetworkManager[627]:    Ifupdown: get unmanaged devices count: 0
Jan 16 15:16:10 edavis-VirtualBox NetworkManager[627]:    SCPlugin-Ifupdown: (142102312) ... get_connections.
Jan 16 15:16:10 edavis-VirtualBox NetworkManager[627]:    SCPlugin-Ifupdown: (142102312) ... get_connections (managed=false): return empty list.
Jan 16 15:16:10 edavis-VirtualBox NetworkManager[627]:    SCPlugin-Ofono: (141958840) ... get_connections.
Jan 16 15:16:10 edavis-VirtualBox NetworkManager[627]:    SCPlugin-Ofono: (141958840) connections count: 0
Jan 16 15:16:10 edavis-VirtualBox NetworkManager[627]:    Ifupdown: get unmanaged devices count: 0
Jan 16 15:16:10 edavis-VirtualBox NetworkManager[627]: <info> monitoring kernel firmware directory '/lib/firmware'.
Jan 16 15:16:10 edavis-VirtualBox NetworkManager[627]: <info> WiFi enabled by radio killswitch; enabled by state file
Jan 16 15:16:10 edavis-VirtualBox NetworkManager[627]: <info> WWAN enabled by radio killswitch; enabled by state file
Jan 16 15:16:10 edavis-VirtualBox NetworkManager[627]: <info> WiMAX enabled by radio killswitch; enabled by state file
Jan 16 15:16:10 edavis-VirtualBox NetworkManager[627]: <info> Networking is enabled by state file
Jan 16 15:16:10 edavis-VirtualBox NetworkManager[627]: <warn> failed to allocate link cache: (-12) Object not found
Jan 16 15:16:10 edavis-VirtualBox NetworkManager[627]: <info> (eth0): carrier is OFF
Jan 16 15:16:10 edavis-VirtualBox NetworkManager[627]: <info> (eth0): new Ethernet device (driver: 'e1000' ifindex: 2)
Jan 16 15:16:10 edavis-VirtualBox NetworkManager[627]: <info> (eth0): exported as /org/freedesktop/NetworkManager/Devices/0
Jan 16 15:16:10 edavis-VirtualBox NetworkManager[627]: <info> (eth0): device state change: unmanaged -> unavailable (reason 'managed') [10 20 2]
Jan 16 15:16:10 edavis-VirtualBox NetworkManager[627]: <info> (eth0): bringing up device.
Jan 16 15:16:10 edavis-VirtualBox NetworkManager[627]: <info> (eth0): preparing device.
Jan 16 15:16:10 edavis-VirtualBox kernel: [    3.970165] IPv6: ADDRCONF(NETDEV_UP): eth0: link is not ready
Jan 16 15:16:10 edavis-VirtualBox NetworkManager[627]: <info> (eth0): deactivating device (reason 'managed') [2]
Jan 16 15:16:10 edavis-VirtualBox kernel: [    3.973536] e1000: eth0 NIC Link is Up 1000 Mbps Full Duplex, Flow Control: RX
Jan 16 15:16:10 edavis-VirtualBox kernel: [    3.973772] IPv6: ADDRCONF(NETDEV_CHANGE): eth0: link becomes ready
Jan 16 15:16:10 edavis-VirtualBox NetworkManager[627]: <info> Added default wired connection 'Wired connection 1' for /sys/devices/pci0000:00/0000:00:03.0/net/eth0
Jan 16 15:16:10 edavis-VirtualBox NetworkManager[627]: <warn> /sys/devices/virtual/net/lo: couldn't determine device driver; ignoring...
Jan 16 15:16:10 edavis-VirtualBox NetworkManager[627]: <warn> /sys/devices/virtual/net/lo: couldn't determine device driver; ignoring...
Jan 16 15:16:10 edavis-VirtualBox NetworkManager[627]: <info> (eth0): carrier now ON (device state 20)
Jan 16 15:16:10 edavis-VirtualBox NetworkManager[627]: <info> urfkill disappeared from the bus
Jan 16 15:16:10 edavis-VirtualBox NetworkManager[627]: <info> (eth0): device state change: unavailable -> disconnected (reason 'carrier-changed') [20 30 40]
Jan 16 15:16:10 edavis-VirtualBox NetworkManager[627]: <info> ModemManager available in the bus
Jan 16 15:16:10 edavis-VirtualBox NetworkManager[627]: <info> Auto-activating connection 'Wired connection 1'.
Jan 16 15:16:10 edavis-VirtualBox NetworkManager[627]: <info> Activation (eth0) starting connection 'Wired connection 1'
Jan 16 15:16:10 edavis-VirtualBox NetworkManager[627]: <info> (eth0): device state change: disconnected -> prepare (reason 'none') [30 40 0]
Jan 16 15:16:10 edavis-VirtualBox NetworkManager[627]: <info> NetworkManager state is now CONNECTING
Jan 16 15:16:10 edavis-VirtualBox NetworkManager[627]: <info> Activation (eth0) Stage 1 of 5 (Device Prepare) scheduled...
Jan 16 15:16:10 edavis-VirtualBox NetworkManager[627]: <info> Activation (eth0) Stage 1 of 5 (Device Prepare) started...
Jan 16 15:16:10 edavis-VirtualBox NetworkManager[627]: <info> Activation (eth0) Stage 2 of 5 (Device Configure) scheduled...
Jan 16 15:16:10 edavis-VirtualBox NetworkManager[627]: <info> Activation (eth0) Stage 1 of 5 (Device Prepare) complete.
Jan 16 15:16:10 edavis-VirtualBox NetworkManager[627]: <info> Activation (eth0) Stage 2 of 5 (Device Configure) starting...
Jan 16 15:16:10 edavis-VirtualBox NetworkManager[627]: <info> (eth0): device state change: prepare -> config (reason 'none') [40 50 0]
Jan 16 15:16:10 edavis-VirtualBox NetworkManager[627]: <info> Activation (eth0) Stage 2 of 5 (Device Configure) successful.
Jan 16 15:16:10 edavis-VirtualBox NetworkManager[627]: <info> Activation (eth0) Stage 3 of 5 (IP Configure Start) scheduled.
Jan 16 15:16:10 edavis-VirtualBox NetworkManager[627]: <info> Activation (eth0) Stage 2 of 5 (Device Configure) complete.
Jan 16 15:16:10 edavis-VirtualBox NetworkManager[627]: <info> Activation (eth0) Stage 3 of 5 (IP Configure Start) started...
Jan 16 15:16:10 edavis-VirtualBox NetworkManager[627]: <info> (eth0): device state change: config -> ip-config (reason 'none') [50 70 0]
Jan 16 15:16:10 edavis-VirtualBox NetworkManager[627]: <info> Activation (eth0) Beginning DHCPv4 transaction (timeout in 45 seconds)
Jan 16 15:16:10 edavis-VirtualBox NetworkManager[627]: <info> dhclient started with pid 679
Jan 16 15:16:10 edavis-VirtualBox NetworkManager[627]: <info> Activation (eth0) Beginning IP6 addrconf.
Jan 16 15:16:10 edavis-VirtualBox NetworkManager[627]: <info> Activation (eth0) Stage 3 of 5 (IP Configure Start) complete.
Jan 16 15:16:10 edavis-VirtualBox dhclient: Internet Systems Consortium DHCP Client 4.2.4
Jan 16 15:16:10 edavis-VirtualBox dhclient: Copyright 2004-2012 Internet Systems Consortium.
Jan 16 15:16:10 edavis-VirtualBox dhclient: All rights reserved.
Jan 16 15:16:10 edavis-VirtualBox dhclient: For info, please visit https://www.isc.org/software/dhcp/
Jan 16 15:16:10 edavis-VirtualBox dhclient: 
Jan 16 15:16:10 edavis-VirtualBox dhclient: Listening on LPF/eth0/08:00:27:a1:10:6a
Jan 16 15:16:10 edavis-VirtualBox NetworkManager[627]: <info> (eth0): DHCPv4 state changed nbi -> preinit
Jan 16 15:16:10 edavis-VirtualBox dhclient: Sending on   LPF/eth0/08:00:27:a1:10:6a
Jan 16 15:16:10 edavis-VirtualBox dhclient: Sending on   Socket/fallback
Jan 16 15:16:10 edavis-VirtualBox dhclient: DHCPDISCOVER on eth0 to 255.255.255.255 port 67 interval 3 (xid=0x3762d6ad)
Jan 16 15:16:10 edavis-VirtualBox dhclient: DHCPREQUEST of 10.0.2.15 on eth0 to 255.255.255.255 port 67 (xid=0x3762d6ad)
Jan 16 15:16:10 edavis-VirtualBox dhclient: DHCPOFFER of 10.0.2.15 from 10.0.2.2
Jan 16 15:16:10 edavis-VirtualBox dhclient: DHCPACK of 10.0.2.15 from 10.0.2.2
Jan 16 15:16:10 edavis-VirtualBox NetworkManager[627]: <info> (eth0): DHCPv4 state changed preinit -> bound
Jan 16 15:16:10 edavis-VirtualBox NetworkManager[627]: <info>   address 10.0.2.15
Jan 16 15:16:10 edavis-VirtualBox NetworkManager[627]: <info>   prefix 24 (255.255.255.0)
Jan 16 15:16:10 edavis-VirtualBox NetworkManager[627]: <info>   gateway 10.0.2.2
Jan 16 15:16:10 edavis-VirtualBox NetworkManager[627]: <info>   nameserver '130.215.32.18'
Jan 16 15:16:10 edavis-VirtualBox NetworkManager[627]: <info>   nameserver '130.215.39.18'
Jan 16 15:16:10 edavis-VirtualBox NetworkManager[627]: <info>   nameserver '130.215.5.18'
Jan 16 15:16:10 edavis-VirtualBox NetworkManager[627]: <info>   domain name 'WIFI.WPI.EDU'
Jan 16 15:16:10 edavis-VirtualBox NetworkManager[627]: <info> Activation (eth0) Stage 5 of 5 (IPv4 Configure Commit) scheduled...
Jan 16 15:16:10 edavis-VirtualBox NetworkManager[627]: <info> Activation (eth0) Stage 5 of 5 (IPv4 Commit) started...
Jan 16 15:16:10 edavis-VirtualBox avahi-daemon[462]: Joining mDNS multicast group on interface eth0.IPv4 with address 10.0.2.15.
Jan 16 15:16:10 edavis-VirtualBox avahi-daemon[462]: New relevant interface eth0.IPv4 for mDNS.
Jan 16 15:16:10 edavis-VirtualBox avahi-daemon[462]: Registering new address record for 10.0.2.15 on eth0.IPv4.
Jan 16 15:16:10 edavis-VirtualBox dhclient: bound to 10.0.2.15 -- renewal in 33996 seconds.
Jan 16 15:16:10 edavis-VirtualBox kernel: [    4.196435] random: nonblocking pool is initialized
Jan 16 15:16:11 edavis-VirtualBox kernel: [    4.308133] intel8x0_measure_ac97_clock: measured 53543 usecs (2786 samples)
Jan 16 15:16:11 edavis-VirtualBox kernel: [    4.308136] intel8x0: clocking to 44280
Jan 16 15:16:11 edavis-VirtualBox anacron[806]: Anacron 2.3 started on 2015-01-16
Jan 16 15:16:11 edavis-VirtualBox anacron[806]: Will run job `cron.daily' in 5 min.
Jan 16 15:16:11 edavis-VirtualBox anacron[806]: Will run job `cron.weekly' in 10 min.
Jan 16 15:16:11 edavis-VirtualBox anacron[806]: Will run job `cron.monthly' in 15 min.
Jan 16 15:16:11 edavis-VirtualBox anacron[806]: Jobs will be executed sequentially
Jan 16 15:16:11 edavis-VirtualBox cron[742]: (CRON) INFO (pidfile fd = 3)
Jan 16 15:16:11 edavis-VirtualBox whoopsie[793]: whoopsie 0.2.24.6 starting up.
Jan 16 15:16:11 edavis-VirtualBox whoopsie[793]: Using lock path: /var/lock/whoopsie/lock
Jan 16 15:16:11 edavis-VirtualBox acpid: starting up with netlink and the input layer
Jan 16 15:16:11 edavis-VirtualBox cron[809]: (CRON) STARTUP (fork ok)
Jan 16 15:16:11 edavis-VirtualBox cron[809]: (CRON) INFO (Running @reboot jobs)
Jan 16 15:16:11 edavis-VirtualBox /usr/sbin/irqbalance: Balancing is ineffective on systems with a single cache domain.  Shutting down
Jan 16 15:16:11 edavis-VirtualBox acpid: 9 rules loaded
Jan 16 15:16:11 edavis-VirtualBox acpid: waiting for events: event logging is off
Jan 16 15:16:11 edavis-VirtualBox dbus[395]: [system] Activating service name='org.freedesktop.Accounts' (using servicehelper)
Jan 16 15:16:11 edavis-VirtualBox accounts-daemon[890]: started daemon version 0.6.35
Jan 16 15:16:11 edavis-VirtualBox dbus[395]: [system] Successfully activated service 'org.freedesktop.Accounts'
Jan 16 15:16:11 edavis-VirtualBox NetworkManager[627]: <info> (eth0): device state change: ip-config -> secondaries (reason 'none') [70 90 0]
Jan 16 15:16:11 edavis-VirtualBox NetworkManager[627]: <info> Activation (eth0) Stage 5 of 5 (IPv4 Commit) complete.
Jan 16 15:16:11 edavis-VirtualBox NetworkManager[627]: <info> (eth0): device state change: secondaries -> activated (reason 'none') [90 100 0]
Jan 16 15:16:11 edavis-VirtualBox NetworkManager[627]: <info> NetworkManager state is now CONNECTED_GLOBAL
Jan 16 15:16:11 edavis-VirtualBox NetworkManager[627]: <info> Policy set 'Wired connection 1' (eth0) as default for IPv4 routing and DNS.
Jan 16 15:16:11 edavis-VirtualBox whoopsie[821]: offline
Jan 16 15:16:11 edavis-VirtualBox NetworkManager[627]: <info> DNS: starting dnsmasq...
Jan 16 15:16:11 edavis-VirtualBox NetworkManager[627]: <warn> dnsmasq not available on the bus, can't update servers.
Jan 16 15:16:11 edavis-VirtualBox NetworkManager[627]: <error> [1421439371.814863] [nm-dns-dnsmasq.c:396] update(): dnsmasq owner not found on bus: Could not get owner of name 'org.freedesktop.NetworkManager.dnsmasq': no such name
Jan 16 15:16:11 edavis-VirtualBox NetworkManager[627]: <warn> DNS: plugin dnsmasq update failed
Jan 16 15:16:11 edavis-VirtualBox NetworkManager[627]: <info> Writing DNS information to /sbin/resolvconf
Jan 16 15:16:11 edavis-VirtualBox dnsmasq[970]: started, version 2.68 cache disabled
Jan 16 15:16:11 edavis-VirtualBox dnsmasq[970]: compile time options: IPv6 GNU-getopt DBus i18n IDN DHCP DHCPv6 no-Lua TFTP conntrack ipset auth
Jan 16 15:16:11 edavis-VirtualBox dnsmasq[970]: DBus support enabled: connected to system bus
Jan 16 15:16:11 edavis-VirtualBox dnsmasq[970]: warning: no upstream servers configured
Jan 16 15:16:12 edavis-VirtualBox NetworkManager[627]: <info> Activation (eth0) successful, device activated.
Jan 16 15:16:12 edavis-VirtualBox NetworkManager[627]: <warn> dnsmasq appeared on DBus: :1.14
Jan 16 15:16:12 edavis-VirtualBox dbus[395]: [system] Activating service name='org.freedesktop.nm_dispatcher' (using servicehelper)
Jan 16 15:16:12 edavis-VirtualBox NetworkManager[627]: <info> Writing DNS information to /sbin/resolvconf
Jan 16 15:16:12 edavis-VirtualBox dnsmasq[970]: setting upstream servers from DBus
Jan 16 15:16:12 edavis-VirtualBox dnsmasq[970]: using nameserver 130.215.5.18#53
Jan 16 15:16:12 edavis-VirtualBox dnsmasq[970]: using nameserver 130.215.39.18#53
Jan 16 15:16:12 edavis-VirtualBox dnsmasq[970]: using nameserver 130.215.32.18#53
Jan 16 15:16:12 edavis-VirtualBox dbus[395]: [system] Successfully activated service 'org.freedesktop.nm_dispatcher'
Jan 16 15:16:12 edavis-VirtualBox avahi-daemon[462]: Joining mDNS multicast group on interface eth0.IPv6 with address fe80::a00:27ff:fea1:106a.
Jan 16 15:16:12 edavis-VirtualBox avahi-daemon[462]: New relevant interface eth0.IPv6 for mDNS.
Jan 16 15:16:12 edavis-VirtualBox avahi-daemon[462]: Registering new address record for fe80::a00:27ff:fea1:106a on eth0.*.
Jan 16 15:16:12 edavis-VirtualBox ModemManager[586]: <warn>  Couldn't find support for device at '/sys/devices/pci0000:00/0000:00:03.0': not supported by any plugin
Jan 16 15:16:12 edavis-VirtualBox whoopsie[821]: offline
Jan 16 15:16:13 edavis-VirtualBox whoopsie[821]: online
Jan 16 15:16:17 edavis-VirtualBox dbus[395]: [system] Activating service name='org.freedesktop.UPower' (using servicehelper)
Jan 16 15:16:17 edavis-VirtualBox dbus[395]: [system] Successfully activated service 'org.freedesktop.UPower'
Jan 16 15:16:17 edavis-VirtualBox dbus[395]: [system] Activating service name='org.freedesktop.RealtimeKit1' (using servicehelper)
Jan 16 15:16:17 edavis-VirtualBox dbus[395]: [system] Successfully activated service 'org.freedesktop.RealtimeKit1'
Jan 16 15:16:17 edavis-VirtualBox rtkit-daemon[1553]: Successfully called chroot.
Jan 16 15:16:17 edavis-VirtualBox rtkit-daemon[1553]: Successfully dropped privileges.
Jan 16 15:16:17 edavis-VirtualBox rtkit-daemon[1553]: Successfully limited resources.
Jan 16 15:16:17 edavis-VirtualBox rtkit-daemon[1553]: Running.
Jan 16 15:16:17 edavis-VirtualBox rtkit-daemon[1553]: Successfully made thread 1545 of process 1545 (n/a) owned by '1000' high priority at nice level -11.
Jan 16 15:16:17 edavis-VirtualBox rtkit-daemon[1553]: Supervising 1 threads of 1 processes of 1 users.
Jan 16 15:16:17 edavis-VirtualBox rtkit-daemon[1553]: Watchdog thread running.
Jan 16 15:16:17 edavis-VirtualBox rtkit-daemon[1553]: Canary thread running.
Jan 16 15:16:17 edavis-VirtualBox dbus[395]: [system] Activating service name='org.freedesktop.systemd1' (using servicehelper)
Jan 16 15:16:17 edavis-VirtualBox pulseaudio[1545]: [pulseaudio] alsa-util.c: Disabling timer-based scheduling because running inside a VM.
Jan 16 15:16:17 edavis-VirtualBox rtkit-daemon[1553]: Successfully made thread 1595 of process 1545 (n/a) owned by '1000' RT at priority 5.
Jan 16 15:16:17 edavis-VirtualBox rtkit-daemon[1553]: Supervising 2 threads of 1 processes of 1 users.
Jan 16 15:16:17 edavis-VirtualBox rtkit-daemon[1553]: Successfully made thread 1599 of process 1545 (n/a) owned by '1000' RT at priority 5.
Jan 16 15:16:17 edavis-VirtualBox rtkit-daemon[1553]: Supervising 3 threads of 1 processes of 1 users.
Jan 16 15:16:17 edavis-VirtualBox dbus[395]: [system] Successfully activated service 'org.freedesktop.systemd1'
Jan 16 15:16:17 edavis-VirtualBox rtkit-daemon[1553]: Successfully made thread 1625 of process 1625 (n/a) owned by '1000' high priority at nice level -11.
Jan 16 15:16:17 edavis-VirtualBox rtkit-daemon[1553]: Supervising 4 threads of 2 processes of 1 users.
Jan 16 15:16:17 edavis-VirtualBox pulseaudio[1625]: [pulseaudio] pid.c: Daemon already running.
Jan 16 15:16:18 edavis-VirtualBox dbus[395]: [system] Activating service name='org.freedesktop.ColorManager' (using servicehelper)
Jan 16 15:16:18 edavis-VirtualBox colord: Using config file /etc/colord.conf
Jan 16 15:16:18 edavis-VirtualBox colord: Using mapping database file /var/lib/colord/mapping.db
Jan 16 15:16:18 edavis-VirtualBox colord: Using device database file /var/lib/colord/storage.db
Jan 16 15:16:18 edavis-VirtualBox colord: loaded plugin libcd_plugin_scanner.so
Jan 16 15:16:18 edavis-VirtualBox colord: loaded plugin libcd_plugin_camera.so
Jan 16 15:16:18 edavis-VirtualBox colord: plugin /usr/lib/i386-linux-gnu/colord-plugins/libcd_plugin_sane.so not loaded: plugin refused to load
Jan 16 15:16:18 edavis-VirtualBox colord: Daemon ready for requests
Jan 16 15:16:18 edavis-VirtualBox dbus[395]: [system] Successfully activated service 'org.freedesktop.ColorManager'
Jan 16 15:16:18 edavis-VirtualBox colord: Profile added: icc-56cc29b73a685afb027a630b6d5057dc
Jan 16 15:16:18 edavis-VirtualBox colord: Profile added: icc-a10be98be58460669fcdc6946939b7cf
Jan 16 15:16:18 edavis-VirtualBox colord: Profile added: icc-3c54e22f77a8f6175941c3f39f1029f9
Jan 16 15:16:18 edavis-VirtualBox colord: Profile added: icc-523e494bc2f53c53d51d0758b07f4879
Jan 16 15:16:18 edavis-VirtualBox colord: Profile added: icc-94ec9a8cbcf45963ef9bfbe80b33e02f
Jan 16 15:16:18 edavis-VirtualBox colord: Profile added: icc-8b73141bce6d164037dd46000bafb2a2
Jan 16 15:16:18 edavis-VirtualBox colord: Profile added: icc-3a34aa6c3d1fb1ef63ff41e04ee00979
Jan 16 15:16:18 edavis-VirtualBox colord: Profile added: icc-353a6bcabda00f04b6988f89126ce6f5
Jan 16 15:16:18 edavis-VirtualBox colord: Profile added: icc-ccebee4c2d6eddc597c1425ac2f128b1
Jan 16 15:16:18 edavis-VirtualBox colord: Profile added: icc-6ad6d63767ce0393245528ada92f1cb2
Jan 16 15:16:18 edavis-VirtualBox colord: Profile added: icc-fb41735d46e9e2c5b7dfa641160c3393
Jan 16 15:16:18 edavis-VirtualBox colord: Profile added: icc-0383c34650771ce95ef93fe916867725
Jan 16 15:16:18 edavis-VirtualBox colord: Profile added: icc-288a6f2c3bb54a1d2a29221c9caf5011
Jan 16 15:16:18 edavis-VirtualBox colord: Profile added: icc-b2016991d9b9c2cf940a251d1441c7fc
Jan 16 15:16:18 edavis-VirtualBox colord: Profile added: icc-c3e6382fa9b2d31b01b736f6f97aac3a
Jan 16 15:16:18 edavis-VirtualBox dbus[395]: [system] Activating service name='org.freedesktop.locale1' (using servicehelper)
Jan 16 15:16:19 edavis-VirtualBox ntpdate[1012]: step time server 91.189.94.4 offset 0.654938 sec
Jan 16 15:16:19 edavis-VirtualBox colord: Profile added: icc-b0701c2ccf059287d0b067464df8bda9
Jan 16 15:16:19 edavis-VirtualBox colord: Profile added: icc-50e7bd95c5a7d850b2051ad93a63906d
Jan 16 15:16:19 edavis-VirtualBox dbus[395]: [system] Successfully activated service 'org.freedesktop.locale1'
Jan 16 15:16:19 edavis-VirtualBox colord: Profile added: icc-82f5d16fcef1fbd987b6a82c94104464
Jan 16 15:16:19 edavis-VirtualBox colord: Profile added: icc-654b99c87e67edb1c1cfb0dcb7fa9d04
Jan 16 15:16:19 edavis-VirtualBox colord: Profile added: icc-2ee6b6114ddeed0d4f61e0211c23427b
Jan 16 15:16:19 edavis-VirtualBox colord: Profile added: icc-fd79463e1808f0d8ea7a8f7eefd3256b
Jan 16 15:16:19 edavis-VirtualBox colord: Profile added: icc-72f5b1cba915b68ea75cc843e270df5a
Jan 16 15:16:19 edavis-VirtualBox colord: Profile added: icc-c227f46f246694ba9971f270cb61a0c1
Jan 16 15:16:19 edavis-VirtualBox colord: Profile added: icc-6a245ab2d8892e2e56232af93cd48b81
Jan 16 15:16:19 edavis-VirtualBox colord: Device added: xrandr-default
Jan 16 15:16:20 edavis-VirtualBox dbus[395]: [system] Activating service name='org.freedesktop.UDisks2' (using servicehelper)
Jan 16 15:16:20 edavis-VirtualBox udisksd[1864]: udisks daemon version 2.1.3 starting
Jan 16 15:16:20 edavis-VirtualBox dbus[395]: [system] Successfully activated service 'org.freedesktop.UDisks2'
Jan 16 15:16:20 edavis-VirtualBox udisksd[1864]: Acquired the name org.freedesktop.UDisks2 on the system message bus
Jan 16 15:16:21 edavis-VirtualBox NetworkManager[627]: <info> WiFi hardware radio set enabled
Jan 16 15:16:31 edavis-VirtualBox NetworkManager[627]: <info> (eth0): IP6 addrconf timed out or failed.
Jan 16 15:16:31 edavis-VirtualBox NetworkManager[627]: <info> Activation (eth0) Stage 4 of 5 (IPv6 Configure Timeout) scheduled...
Jan 16 15:16:31 edavis-VirtualBox NetworkManager[627]: <info> Activation (eth0) Stage 4 of 5 (IPv6 Configure Timeout) started...
Jan 16 15:16:31 edavis-VirtualBox NetworkManager[627]: <info> Activation (eth0) Stage 4 of 5 (IPv6 Configure Timeout) complete.
Jan 16 15:16:34 edavis-VirtualBox ntpdate[2155]: adjust time server 91.189.94.4 offset -0.002657 sec
Jan 16 15:16:40 edavis-VirtualBox kernel: [   33.175859] audit_printk_skb: 153 callbacks suppressed
Jan 16 15:16:40 edavis-VirtualBox kernel: [   33.175862] type=1400 audit(1421439400.591:62): apparmor="STATUS" operation="profile_replace" profile="unconfined" name="/usr/lib/cups/backend/cups-pdf" pid=2237 comm="apparmor_parser"
Jan 16 15:16:40 edavis-VirtualBox kernel: [   33.175866] type=1400 audit(1421439400.591:63): apparmor="STATUS" operation="profile_replace" profile="unconfined" name="/usr/sbin/cupsd" pid=2237 comm="apparmor_parser"
Jan 16 15:16:40 edavis-VirtualBox kernel: [   33.176276] type=1400 audit(1421439400.595:64): apparmor="STATUS" operation="profile_replace" profile="unconfined" name="/usr/sbin/cupsd" pid=2237 comm="apparmor_parser"
Jan 16 15:17:02 edavis-VirtualBox CRON[2246]: (root) CMD (   cd / && run-parts --report /etc/cron.hourly)
Jan 16 15:18:48 edavis-VirtualBox kernel: [  160.935539] ISO 9660 Extensions: Microsoft Joliet Level 3
Jan 16 15:18:48 edavis-VirtualBox kernel: [  160.951020] ISO 9660 Extensions: RRIP_1991A
Jan 16 15:18:48 edavis-VirtualBox udisksd[1864]: Mounted /dev/sr0 at /media/edavis/VBOXADDITIONS_4.3.20_96996 on behalf of uid 1000
Jan 16 15:19:35 edavis-VirtualBox kernel: [  207.670263] vboxguest: module verification failed: signature and/or  required key missing - tainting kernel
Jan 16 15:19:35 edavis-VirtualBox kernel: [  207.680731] ACPI: PCI Interrupt Link [LNKD] enabled at IRQ 9
Jan 16 15:19:35 edavis-VirtualBox kernel: [  207.680735] PCI: setting IRQ 9 as level-triggered
Jan 16 15:19:35 edavis-VirtualBox kernel: [  207.681338] input: Unspecified device as /devices/pci0000:00/0000:00:04.0/input/input6
Jan 16 15:19:35 edavis-VirtualBox kernel: [  207.681582] vboxguest: major 0, IRQ 9, I/O port d020, MMIO at 00000000f0400000 (size 0x400000)
Jan 16 15:19:35 edavis-VirtualBox kernel: [  207.681584] vboxguest: Successfully loaded version 4.3.20 (interface 0x00010004)
Jan 16 15:19:35 edavis-VirtualBox kernel: [  207.694387] vboxsf: Successfully loaded version 4.3.20 (interface 0x00010004)
Jan 16 15:19:35 edavis-VirtualBox kernel: [  207.726707] [drm] Initialized drm 1.1.0 20060810
Jan 16 15:19:35 edavis-VirtualBox kernel: [  207.732488] [drm] Initialized vboxvideo 1.0.0 20090303 for 0000:00:02.0 on minor 0
Jan 16 15:20:04 edavis-VirtualBox colord: device removed: xrandr-default
Jan 16 15:20:05 edavis-VirtualBox rtkit-daemon[1553]: Successfully made thread 5587 of process 5587 (n/a) owned by '112' high priority at nice level -11.
Jan 16 15:20:05 edavis-VirtualBox rtkit-daemon[1553]: Supervising 4 threads of 2 processes of 2 users.
Jan 16 15:20:05 edavis-VirtualBox pulseaudio[5587]: [pulseaudio] alsa-util.c: Disabling timer-based scheduling because running inside a VM.
Jan 16 15:20:05 edavis-VirtualBox rtkit-daemon[1553]: Successfully made thread 5604 of process 5587 (n/a) owned by '112' RT at priority 5.
Jan 16 15:20:05 edavis-VirtualBox rtkit-daemon[1553]: Supervising 5 threads of 2 processes of 2 users.
Jan 16 15:20:05 edavis-VirtualBox rtkit-daemon[1553]: Successfully made thread 5605 of process 5587 (n/a) owned by '112' RT at priority 5.
Jan 16 15:20:05 edavis-VirtualBox rtkit-daemon[1553]: Supervising 6 threads of 2 processes of 2 users.
Jan 16 15:20:05 edavis-VirtualBox pulseaudio[5587]: [pulseaudio] alsa-util.c: Disabling timer-based scheduling because running inside a VM.
Jan 16 15:20:06 edavis-VirtualBox pulseaudio[5587]: [alsa-sink-Intel ICH] alsa-sink.c: ALSA woke us up to write new data to the device, but there was actually nothing to write!
Jan 16 15:20:06 edavis-VirtualBox pulseaudio[5587]: [alsa-sink-Intel ICH] alsa-sink.c: Most likely this is a bug in the ALSA driver 'snd_intel8x0'. Please report this issue to the ALSA developers.
Jan 16 15:20:06 edavis-VirtualBox pulseaudio[5587]: [alsa-sink-Intel ICH] alsa-sink.c: We were woken up with POLLOUT set -- however a subsequent snd_pcm_avail() returned 0 or another value < min_avail.
Jan 16 15:20:06 edavis-VirtualBox dbus[395]: [system] Activating service name='org.freedesktop.systemd1' (using servicehelper)
Jan 16 15:20:06 edavis-VirtualBox dbus[395]: [system] Successfully activated service 'org.freedesktop.systemd1'
Jan 16 15:20:06 edavis-VirtualBox colord: Device added: xrandr-VBOX monitor-50660274
Jan 16 15:20:07 edavis-VirtualBox colord: Automatic metadata add icc-06476b153545277cea389d361b566e6a to xrandr-VBOX monitor-50660274
Jan 16 15:20:07 edavis-VirtualBox colord: Profile added: icc-06476b153545277cea389d361b566e6a
Jan 16 15:20:10 edavis-VirtualBox colord: device removed: xrandr-VBOX monitor-50660274
Jan 16 15:20:10 edavis-VirtualBox colord: Profile removed: icc-06476b153545277cea389d361b566e6a
Jan 16 15:20:10 edavis-VirtualBox NetworkManager[627]: <warn> error requesting auth for org.freedesktop.NetworkManager.wifi.share.open: (3) GDBus.Error:org.freedesktop.DBus.Error.NameHasNoOwner: GDBus.Error:org.freedesktop.DBus.Error.NameHasNoOwner: Could not get UID of name ':1.83': no such name
Jan 16 15:20:11 edavis-VirtualBox colord: Device added: xrandr-VBOX monitor-50660274
Jan 16 15:20:12 edavis-VirtualBox colord: Automatic metadata add icc-137bf8e14735fb6bbd8d5e0043301ee1 to xrandr-VBOX monitor-50660274
Jan 16 15:20:12 edavis-VirtualBox colord: Profile added: icc-137bf8e14735fb6bbd8d5e0043301ee1
Jan 16 15:20:36 edavis-VirtualBox dbus[395]: [system] Activating service name='org.freedesktop.hostname1' (using servicehelper)
Jan 16 15:20:36 edavis-VirtualBox dbus[395]: [system] Successfully activated service 'org.freedesktop.hostname1'
Jan 16 15:20:50 edavis-VirtualBox udisksd[1864]: Cleaning up mount point /media/edavis/VBOXADDITIONS_4.3.20_96996 (device 11:0 is not mounted)
Jan 16 15:20:50 edavis-VirtualBox udisksd[1864]: Unmounted /dev/sr0 on behalf of uid 1000
Jan 16 15:23:45 edavis-VirtualBox upstart-udev-bridge[269]: Disconnected from Upstart
Jan 16 15:23:45 edavis-VirtualBox upstart-socket-bridge[673]: Disconnected from Upstart
Jan 16 15:23:57 edavis-VirtualBox dbus[395]: [system] Reloaded configuration
Jan 16 15:24:21 edavis-VirtualBox dbus[395]: message repeated 20 times: [ [system] Reloaded configuration]
Jan 16 15:24:21 edavis-VirtualBox dbus[395]: [system] Activating service name='org.freedesktop.login1' (using servicehelper)
Jan 16 15:24:21 edavis-VirtualBox dbus[395]: [system] Activated service 'org.freedesktop.login1' failed: The permission of the setuid helper is not correct
Jan 16 15:24:22 edavis-VirtualBox dbus[395]: [system] Reloaded configuration
Jan 16 15:25:06 edavis-VirtualBox NetworkManager[627]: <info> kernel firmware directory '/lib/firmware' changed
Jan 16 15:25:24 edavis-VirtualBox upstart-socket-bridge[10545]: Disconnected from Upstart
Jan 16 15:25:24 edavis-VirtualBox upstart-udev-bridge[10538]: Disconnected from Upstart
Jan 16 15:25:27 edavis-VirtualBox kernel: [  560.064101] type=1400 audit(1421439927.486:65): apparmor="STATUS" operation="profile_replace" profile="unconfined" name="/usr/lib/cups/backend/cups-pdf" pid=15044 comm="apparmor_parser"
Jan 16 15:25:27 edavis-VirtualBox kernel: [  560.064456] type=1400 audit(1421439927.486:66): apparmor="STATUS" operation="profile_replace" profile="unconfined" name="/usr/sbin/cupsd" pid=15044 comm="apparmor_parser"
Jan 16 15:25:27 edavis-VirtualBox kernel: [  560.157707] type=1400 audit(1421439927.578:67): apparmor="STATUS" operation="profile_replace" profile="unconfined" name="/usr/lib/cups/backend/cups-pdf" pid=15081 comm="apparmor_parser"
Jan 16 15:25:27 edavis-VirtualBox kernel: [  560.157714] type=1400 audit(1421439927.578:68): apparmor="STATUS" operation="profile_replace" profile="unconfined" name="/usr/sbin/cupsd" pid=15081 comm="apparmor_parser"
Jan 16 15:25:27 edavis-VirtualBox kernel: [  560.158875] type=1400 audit(1421439927.578:69): apparmor="STATUS" operation="profile_replace" profile="unconfined" name="/usr/sbin/cupsd" pid=15081 comm="apparmor_parser"
Jan 16 15:25:40 edavis-VirtualBox kernel: [  572.938867] type=1400 audit(1421439940.358:70): apparmor="STATUS" operation="profile_replace" profile="unconfined" name="/usr/lib/lightdm/lightdm-guest-session" pid=19619 comm="apparmor_parser"
Jan 16 15:25:40 edavis-VirtualBox kernel: [  572.939088] type=1400 audit(1421439940.358:71): apparmor="STATUS" operation="profile_replace" profile="unconfined" name="chromium" pid=19619 comm="apparmor_parser"
Jan 16 15:25:40 edavis-VirtualBox kernel: [  573.119591] type=1400 audit(1421439940.538:72): apparmor="STATUS" operation="profile_replace" profile="unconfined" name="/sbin/dhclient" pid=19620 comm="apparmor_parser"
Jan 16 15:25:40 edavis-VirtualBox kernel: [  573.119733] type=1400 audit(1421439940.538:73): apparmor="STATUS" operation="profile_replace" profile="unconfined" name="/usr/lib/NetworkManager/nm-dhcp-client.action" pid=19620 comm="apparmor_parser"
Jan 16 15:25:40 edavis-VirtualBox kernel: [  573.119821] type=1400 audit(1421439940.538:74): apparmor="STATUS" operation="profile_replace" profile="unconfined" name="/usr/lib/connman/scripts/dhclient-script" pid=19620 comm="apparmor_parser"
Jan 16 15:25:43 edavis-VirtualBox kernel: [  575.810079] type=1400 audit(1421439943.230:75): apparmor="STATUS" operation="profile_replace" profile="unconfined" name="/usr/bin/evince" pid=19621 comm="apparmor_parser"
Jan 16 15:25:43 edavis-VirtualBox kernel: [  575.810418] type=1400 audit(1421439943.230:76): apparmor="STATUS" operation="profile_replace" profile="unconfined" name="sanitized_helper" pid=19621 comm="apparmor_parser"
Jan 16 15:25:43 edavis-VirtualBox kernel: [  575.810932] type=1400 audit(1421439943.230:77): apparmor="STATUS" operation="profile_replace" profile="unconfined" name="/usr/bin/evince-previewer" pid=19621 comm="apparmor_parser"
Jan 16 15:25:43 edavis-VirtualBox kernel: [  575.811202] type=1400 audit(1421439943.230:78): apparmor="STATUS" operation="profile_replace" profile="unconfined" name="sanitized_helper" pid=19621 comm="apparmor_parser"
Jan 16 15:25:43 edavis-VirtualBox kernel: [  575.811581] type=1400 audit(1421439943.230:79): apparmor="STATUS" operation="profile_replace" profile="unconfined" name="/usr/bin/evince-thumbnailer" pid=19621 comm="apparmor_parser"
Jan 16 15:25:47 edavis-VirtualBox kernel: [  580.485661] audit_printk_skb: 45 callbacks suppressed
Jan 16 15:25:47 edavis-VirtualBox kernel: [  580.485663] type=1400 audit(1421439947.906:95): apparmor="STATUS" operation="profile_replace" profile="unconfined" name="/usr/bin/evince" pid=19692 comm="apparmor_parser"
Jan 16 15:25:47 edavis-VirtualBox kernel: [  580.486020] type=1400 audit(1421439947.906:96): apparmor="STATUS" operation="profile_replace" profile="unconfined" name="sanitized_helper" pid=19692 comm="apparmor_parser"
Jan 16 15:25:47 edavis-VirtualBox kernel: [  580.486579] type=1400 audit(1421439947.906:97): apparmor="STATUS" operation="profile_replace" profile="unconfined" name="/usr/bin/evince-previewer" pid=19692 comm="apparmor_parser"
Jan 16 15:25:47 edavis-VirtualBox kernel: [  580.486819] type=1400 audit(1421439947.906:98): apparmor="STATUS" operation="profile_replace" profile="unconfined" name="sanitized_helper" pid=19692 comm="apparmor_parser"
Jan 16 15:25:47 edavis-VirtualBox kernel: [  580.487219] type=1400 audit(1421439947.906:99): apparmor="STATUS" operation="profile_replace" profile="unconfined" name="/usr/bin/evince-thumbnailer" pid=19692 comm="apparmor_parser"
Jan 16 15:25:47 edavis-VirtualBox kernel: [  580.487417] type=1400 audit(1421439947.906:100): apparmor="STATUS" operation="profile_replace" profile="unconfined" name="sanitized_helper" pid=19692 comm="apparmor_parser"
Jan 16 15:25:48 edavis-VirtualBox kernel: [  581.222068] type=1400 audit(1421439948.642:101): apparmor="STATUS" operation="profile_replace" profile="unconfined" name="/usr/lib/telepathy/mission-control-5" pid=19694 comm="apparmor_parser"
Jan 16 15:25:48 edavis-VirtualBox kernel: [  581.222454] type=1400 audit(1421439948.642:102): apparmor="STATUS" operation="profile_replace" profile="unconfined" name="/usr/lib/telepathy/telepathy-*" pid=19694 comm="apparmor_parser"
Jan 16 15:25:48 edavis-VirtualBox kernel: [  581.222673] type=1400 audit(1421439948.642:103): apparmor="STATUS" operation="profile_replace" profile="unconfined" name="pxgsettings" pid=19694 comm="apparmor_parser"
Jan 16 15:25:48 edavis-VirtualBox kernel: [  581.223059] type=1400 audit(1421439948.642:104): apparmor="STATUS" operation="profile_replace" profile="unconfined" name="sanitized_helper" pid=19694 comm="apparmor_parser"
Jan 16 15:27:30 edavis-VirtualBox rsyslogd: [origin software="rsyslogd" swVersion="7.4.4" x-pid="442" x-info="http://www.rsyslog.com"] exiting on signal 15.
Jan 16 15:27:30 edavis-VirtualBox rsyslogd: [origin software="rsyslogd" swVersion="7.4.4" x-pid="20047" x-info="http://www.rsyslog.com"] start
Jan 16 15:27:30 edavis-VirtualBox rsyslogd: rsyslogd's groupid changed to 104
Jan 16 15:27:30 edavis-VirtualBox rsyslogd: rsyslogd's userid changed to 101
Jan 16 15:27:30 edavis-VirtualBox rsyslogd-2039: Could no open output pipe '/dev/xconsole': No such file or directory [try http://www.rsyslog.com/e/2039 ]
Jan 16 15:27:31 edavis-VirtualBox /usr/sbin/irqbalance: Balancing is ineffective on systems with a single cache domain.  Shutting down
Jan 16 15:27:31 edavis-VirtualBox kernel: [  684.363019] audit_printk_skb: 15 callbacks suppressed
Jan 16 15:27:31 edavis-VirtualBox kernel: [  684.363022] type=1400 audit(1421440051.782:110): apparmor="STATUS" operation="profile_replace" profile="unconfined" name="/usr/sbin/tcpdump" pid=20136 comm="apparmor_parser"
Jan 16 15:27:35 edavis-VirtualBox dbus[395]: [system] Reloaded configuration
Jan 16 15:30:09 edavis-VirtualBox NetworkManager[627]: <info> kernel firmware directory '/lib/firmware' changed
Jan 16 15:31:05 edavis-VirtualBox kernel: [  897.890813] SGI XFS with ACLs, security attributes, realtime, large block/inode numbers, no debug enabled
Jan 16 15:31:05 edavis-VirtualBox kernel: [  897.921506] JFS: nTxBlock = 8192, nTxLock = 65536
Jan 16 15:31:05 edavis-VirtualBox kernel: [  897.951505] NTFS driver 2.1.30 [Flags: R/O MODULE].
Jan 16 15:31:05 edavis-VirtualBox kernel: [  898.000342] QNX4 filesystem 0.2.3 registered.
Jan 16 15:31:05 edavis-VirtualBox kernel: [  898.020394] xor: measuring software checksum speed
Jan 16 15:31:05 edavis-VirtualBox kernel: [  898.056956]    pIII_sse  : 17958.000 MB/sec
Jan 16 15:31:05 edavis-VirtualBox kernel: [  898.096285]    prefetch64-sse: 18165.000 MB/sec
Jan 16 15:31:05 edavis-VirtualBox kernel: [  898.096285] xor: using function: prefetch64-sse (18165.000 MB/sec)
Jan 16 15:31:05 edavis-VirtualBox kernel: [  898.168078] raid6: mmxx1     5418 MB/s
Jan 16 15:31:05 edavis-VirtualBox kernel: [  898.236111] raid6: mmxx2     5842 MB/s
Jan 16 15:31:05 edavis-VirtualBox kernel: [  898.304163] raid6: sse1x1    4655 MB/s
Jan 16 15:31:05 edavis-VirtualBox kernel: [  898.372139] raid6: sse1x2    4625 MB/s
Jan 16 15:31:05 edavis-VirtualBox kernel: [  898.440123] raid6: sse2x1    8115 MB/s
Jan 16 15:31:05 edavis-VirtualBox kernel: [  898.508167] raid6: sse2x2    9599 MB/s
Jan 16 15:31:05 edavis-VirtualBox kernel: [  898.508167] raid6: using algorithm sse2x2 (9599 MB/s)
Jan 16 15:31:05 edavis-VirtualBox kernel: [  898.508167] raid6: using ssse3x1 recovery algorithm
Jan 16 15:31:05 edavis-VirtualBox kernel: [  898.561396] bio: create slab <bio-1> at 1
Jan 16 15:31:05 edavis-VirtualBox kernel: [  898.570532] Btrfs loaded
Jan 16 15:31:06 edavis-VirtualBox os-prober: debug: running /usr/lib/os-probes/50mounted-tests on /dev/sda2
Jan 16 15:31:06 edavis-VirtualBox 50mounted-tests: debug: /dev/sda2 type not recognised; skipping
Jan 16 15:31:06 edavis-VirtualBox os-prober: debug: os detected by /usr/lib/os-probes/50mounted-tests
Jan 16 15:31:06 edavis-VirtualBox os-prober: debug: /dev/sda5: is active swap
Jan 16 15:31:16 edavis-VirtualBox os-prober: debug: running /usr/lib/os-probes/50mounted-tests on /dev/sda2
Jan 16 15:31:16 edavis-VirtualBox 50mounted-tests: debug: /dev/sda2 type not recognised; skipping
Jan 16 15:31:16 edavis-VirtualBox os-prober: debug: os detected by /usr/lib/os-probes/50mounted-tests
Jan 16 15:31:16 edavis-VirtualBox os-prober: debug: /dev/sda5: is active swap
Jan 16 15:32:08 edavis-VirtualBox colord: device removed: xrandr-VBOX monitor-50660274
Jan 16 15:32:08 edavis-VirtualBox colord: Profile removed: icc-137bf8e14735fb6bbd8d5e0043301ee1
Jan 16 15:27:39 edavis-VirtualBox dbus[395]: message repeated 11 times: [ [system] Reloaded configuration]
Jan 16 15:32:08 edavis-VirtualBox dbus[395]: [system] Activating service name='org.freedesktop.systemd1' (using servicehelper)
Jan 16 15:32:08 edavis-VirtualBox dbus[395]: [system] Successfully activated service 'org.freedesktop.systemd1'
Jan 16 15:32:08 edavis-VirtualBox rsyslogd: [origin software="rsyslogd" swVersion="7.4.4" x-pid="20047" x-info="http://www.rsyslog.com"] exiting on signal 15.
Jan 16 15:32:17 edavis-VirtualBox rsyslogd: [origin software="rsyslogd" swVersion="7.4.4" x-pid="441" x-info="http://www.rsyslog.com"] start
Jan 16 15:32:17 edavis-VirtualBox rsyslogd: rsyslogd's groupid changed to 104
Jan 16 15:32:17 edavis-VirtualBox rsyslogd: rsyslogd's userid changed to 101
Jan 16 15:32:17 edavis-VirtualBox kernel: [    0.000000] Initializing cgroup subsys cpuset
Jan 16 15:32:17 edavis-VirtualBox kernel: [    0.000000] Initializing cgroup subsys cpu
Jan 16 15:32:17 edavis-VirtualBox kernel: [    0.000000] Initializing cgroup subsys cpuacct
Jan 16 15:32:17 edavis-VirtualBox kernel: [    0.000000] Linux version 3.13.0-44-generic (buildd@komainu) (gcc version 4.8.2 (Ubuntu 4.8.2-19ubuntu1) ) #73-Ubuntu SMP Tue Dec 16 00:23:46 UTC 2014 (Ubuntu 3.13.0-44.73-generic 3.13.11-ckt12)
Jan 16 15:32:17 edavis-VirtualBox kernel: [    0.000000] KERNEL supported cpus:
Jan 16 15:32:17 edavis-VirtualBox kernel: [    0.000000]   Intel GenuineIntel
Jan 16 15:32:17 edavis-VirtualBox kernel: [    0.000000]   AMD AuthenticAMD
Jan 16 15:32:17 edavis-VirtualBox kernel: [    0.000000]   NSC Geode by NSC
Jan 16 15:32:17 edavis-VirtualBox kernel: [    0.000000]   Cyrix CyrixInstead
Jan 16 15:32:17 edavis-VirtualBox kernel: [    0.000000]   Centaur CentaurHauls
Jan 16 15:32:17 edavis-VirtualBox kernel: [    0.000000]   Transmeta GenuineTMx86
Jan 16 15:32:17 edavis-VirtualBox kernel: [    0.000000]   Transmeta TransmetaCPU
Jan 16 15:32:17 edavis-VirtualBox kernel: [    0.000000]   UMC UMC UMC UMC
Jan 16 15:32:17 edavis-VirtualBox kernel: [    0.000000] e820: BIOS-provided physical RAM map:
Jan 16 15:32:17 edavis-VirtualBox kernel: [    0.000000] BIOS-e820: [mem 0x0000000000000000-0x000000000009fbff] usable
Jan 16 15:32:17 edavis-VirtualBox kernel: [    0.000000] BIOS-e820: [mem 0x000000000009fc00-0x000000000009ffff] reserved
Jan 16 15:32:17 edavis-VirtualBox kernel: [    0.000000] BIOS-e820: [mem 0x00000000000f0000-0x00000000000fffff] reserved
Jan 16 15:32:17 edavis-VirtualBox kernel: [    0.000000] BIOS-e820: [mem 0x0000000000100000-0x000000007ffeffff] usable
Jan 16 15:32:17 edavis-VirtualBox kernel: [    0.000000] BIOS-e820: [mem 0x000000007fff0000-0x000000007fffffff] ACPI data
Jan 16 15:32:17 edavis-VirtualBox kernel: [    0.000000] BIOS-e820: [mem 0x00000000fffc0000-0x00000000ffffffff] reserved
Jan 16 15:32:17 edavis-VirtualBox kernel: [    0.000000] NX (Execute Disable) protection: active
Jan 16 15:32:17 edavis-VirtualBox kernel: [    0.000000] SMBIOS 2.5 present.
Jan 16 15:32:17 edavis-VirtualBox kernel: [    0.000000] DMI: innotek GmbH VirtualBox/VirtualBox, BIOS VirtualBox 12/01/2006
Jan 16 15:32:17 edavis-VirtualBox kernel: [    0.000000] e820: update [mem 0x00000000-0x00000fff] usable ==> reserved
Jan 16 15:32:17 edavis-VirtualBox kernel: [    0.000000] e820: remove [mem 0x000a0000-0x000fffff] usable
Jan 16 15:32:17 edavis-VirtualBox kernel: [    0.000000] e820: last_pfn = 0x7fff0 max_arch_pfn = 0x1000000
Jan 16 15:32:17 edavis-VirtualBox kernel: [    0.000000] MTRR default type: uncachable
Jan 16 15:32:17 edavis-VirtualBox kernel: [    0.000000] MTRR variable ranges disabled:
Jan 16 15:32:17 edavis-VirtualBox kernel: [    0.000000] x86 PAT enabled: cpu 0, old 0x7040600070406, new 0x7010600070106
Jan 16 15:32:17 edavis-VirtualBox kernel: [    0.000000] CPU MTRRs all blank - virtualized system.
Jan 16 15:32:17 edavis-VirtualBox kernel: [    0.000000] Scanning 1 areas for low memory corruption
Jan 16 15:32:17 edavis-VirtualBox kernel: [    0.000000] initial memory mapped: [mem 0x00000000-0x01ffffff]
Jan 16 15:32:17 edavis-VirtualBox kernel: [    0.000000] Base memory trampoline at [c009b000] 9b000 size 16384
Jan 16 15:32:17 edavis-VirtualBox kernel: [    0.000000] init_memory_mapping: [mem 0x00000000-0x000fffff]
Jan 16 15:32:17 edavis-VirtualBox kernel: [    0.000000]  [mem 0x00000000-0x000fffff] page 4k
Jan 16 15:32:17 edavis-VirtualBox kernel: [    0.000000] init_memory_mapping: [mem 0x37800000-0x379fffff]
Jan 16 15:32:17 edavis-VirtualBox kernel: [    0.000000]  [mem 0x37800000-0x379fffff] page 2M
Jan 16 15:32:17 edavis-VirtualBox kernel: [    0.000000] init_memory_mapping: [mem 0x34000000-0x377fffff]
Jan 16 15:32:17 edavis-VirtualBox kernel: [    0.000000]  [mem 0x34000000-0x377fffff] page 2M
Jan 16 15:32:17 edavis-VirtualBox kernel: [    0.000000] init_memory_mapping: [mem 0x00100000-0x33ffffff]
Jan 16 15:32:17 edavis-VirtualBox kernel: [    0.000000]  [mem 0x00100000-0x001fffff] page 4k
Jan 16 15:32:17 edavis-VirtualBox kernel: [    0.000000]  [mem 0x00200000-0x33ffffff] page 2M
Jan 16 15:32:17 edavis-VirtualBox kernel: [    0.000000] init_memory_mapping: [mem 0x37a00000-0x37bfdfff]
Jan 16 15:32:17 edavis-VirtualBox kernel: [    0.000000]  [mem 0x37a00000-0x37bfdfff] page 4k
Jan 16 15:32:17 edavis-VirtualBox kernel: [    0.000000] BRK [0x01b96000, 0x01b96fff] PGTABLE
Jan 16 15:32:17 edavis-VirtualBox kernel: [    0.000000] RAMDISK: [mem 0x35c26000-0x36e0afff]
Jan 16 15:32:17 edavis-VirtualBox kernel: [    0.000000] ACPI: RSDP 000e0000 000024 (v02 VBOX  )
Jan 16 15:32:17 edavis-VirtualBox kernel: [    0.000000] ACPI: XSDT 7fff0030 000034 (v01 VBOX   VBOXXSDT 00000001 ASL  00000061)
Jan 16 15:32:17 edavis-VirtualBox kernel: [    0.000000] ACPI: FACP 7fff00f0 0000F4 (v04 VBOX   VBOXFACP 00000001 ASL  00000061)
Jan 16 15:32:17 edavis-VirtualBox kernel: [    0.000000] ACPI: DSDT 7fff0410 001B96 (v01 VBOX   VBOXBIOS 00000002 INTL 20100528)
Jan 16 15:32:17 edavis-VirtualBox kernel: [    0.000000] ACPI: FACS 7fff0200 000040
Jan 16 15:32:17 edavis-VirtualBox kernel: [    0.000000] ACPI: SSDT 7fff0240 0001CC (v01 VBOX   VBOXCPUT 00000002 INTL 20100528)
Jan 16 15:32:17 edavis-VirtualBox kernel: [    0.000000] 1155MB HIGHMEM available.
Jan 16 15:32:17 edavis-VirtualBox kernel: [    0.000000] 891MB LOWMEM available.
Jan 16 15:32:17 edavis-VirtualBox kernel: [    0.000000]   mapped low ram: 0 - 37bfe000
Jan 16 15:32:17 edavis-VirtualBox kernel: [    0.000000]   low ram: 0 - 37bfe000
Jan 16 15:32:17 edavis-VirtualBox kernel: [    0.000000] BRK [0x01b97000, 0x01b97fff] PGTABLE
Jan 16 15:32:17 edavis-VirtualBox kernel: [    0.000000] Zone ranges:
Jan 16 15:32:17 edavis-VirtualBox kernel: [    0.000000]   DMA      [mem 0x00001000-0x00ffffff]
Jan 16 15:32:17 edavis-VirtualBox kernel: [    0.000000]   Normal   [mem 0x01000000-0x37bfdfff]
Jan 16 15:32:17 edavis-VirtualBox kernel: [    0.000000]   HighMem  [mem 0x37bfe000-0x7ffeffff]
Jan 16 15:32:17 edavis-VirtualBox kernel: [    0.000000] Movable zone start for each node
Jan 16 15:32:17 edavis-VirtualBox kernel: [    0.000000] Early memory node ranges
Jan 16 15:32:17 edavis-VirtualBox kernel: [    0.000000]   node   0: [mem 0x00001000-0x0009efff]
Jan 16 15:32:17 edavis-VirtualBox kernel: [    0.000000]   node   0: [mem 0x00100000-0x7ffeffff]
Jan 16 15:32:17 edavis-VirtualBox kernel: [    0.000000] On node 0 totalpages: 524174
Jan 16 15:32:17 edavis-VirtualBox kernel: [    0.000000] free_area_init_node: node 0, pgdat c199d580, node_mem_map f4c26020
Jan 16 15:32:17 edavis-VirtualBox kernel: [    0.000000]   DMA zone: 32 pages used for memmap
Jan 16 15:32:17 edavis-VirtualBox kernel: [    0.000000]   DMA zone: 0 pages reserved
Jan 16 15:32:17 edavis-VirtualBox kernel: [    0.000000]   DMA zone: 3998 pages, LIFO batch:0
Jan 16 15:32:17 edavis-VirtualBox kernel: [    0.000000]   Normal zone: 1752 pages used for memmap
Jan 16 15:32:17 edavis-VirtualBox kernel: [    0.000000]   Normal zone: 224254 pages, LIFO batch:31
Jan 16 15:32:17 edavis-VirtualBox kernel: [    0.000000]   HighMem zone: 2312 pages used for memmap
Jan 16 15:32:17 edavis-VirtualBox kernel: [    0.000000]   HighMem zone: 295922 pages, LIFO batch:31
Jan 16 15:32:17 edavis-VirtualBox kernel: [    0.000000] Using APIC driver default
Jan 16 15:32:17 edavis-VirtualBox kernel: [    0.000000] ACPI: PM-Timer IO Port: 0x4008
Jan 16 15:32:17 edavis-VirtualBox kernel: [    0.000000] smpboot: Allowing 1 CPUs, 0 hotplug CPUs
Jan 16 15:32:17 edavis-VirtualBox kernel: [    0.000000] Found and enabled local APIC!
Jan 16 15:32:17 edavis-VirtualBox kernel: [    0.000000] nr_irqs_gsi: 16
Jan 16 15:32:17 edavis-VirtualBox kernel: [    0.000000] PM: Registered nosave memory: [mem 0x0009f000-0x0009ffff]
Jan 16 15:32:17 edavis-VirtualBox kernel: [    0.000000] PM: Registered nosave memory: [mem 0x000a0000-0x000effff]
Jan 16 15:32:17 edavis-VirtualBox kernel: [    0.000000] PM: Registered nosave memory: [mem 0x000f0000-0x000fffff]
Jan 16 15:32:17 edavis-VirtualBox kernel: [    0.000000] e820: [mem 0x80000000-0xfffbffff] available for PCI devices
Jan 16 15:32:17 edavis-VirtualBox kernel: [    0.000000] Booting paravirtualized kernel on bare hardware
